Archive member included to satisfy reference by file (symbol)

c:/program files (x86)/atmel/studio/7.0/toolchain/avr8/avr8-gnu-toolchain/bin/../lib/gcc/avr/5.4.0/avr51\libgcc.a(_exit.o)
                              C:/Program Files (x86)/Atmel/Studio/7.0/Packs/atmel/ATmega_DFP/1.0.106/gcc/dev/atmega128/avr51/crtatmega128.o (exit)
c:/program files (x86)/atmel/studio/7.0/toolchain/avr8/avr8-gnu-toolchain/bin/../lib/gcc/avr/5.4.0/avr51\libgcc.a(_tablejump2.o)
                              IGS_SCM.o (__tablejump2__)
c:/program files (x86)/atmel/studio/7.0/toolchain/avr8/avr8-gnu-toolchain/bin/../lib/gcc/avr/5.4.0/avr51\libgcc.a(_copy_data.o)
                              IGS_SCM.o (__do_copy_data)
c:/program files (x86)/atmel/studio/7.0/toolchain/avr8/avr8-gnu-toolchain/bin/../lib/gcc/avr/5.4.0/avr51\libgcc.a(_clear_bss.o)
                              IGS_SCM.o (__do_clear_bss)

Allocating common symbols
Common symbol       size              file

G_idDipValue        0x1               IGS_SCM.o
G_txCntlBufPLC      0x4               IGS_SCM.o
G_cntlmodeDipValue  0x1               IGS_SCM.o
G_usmPLCInterruptF  0x78              IGS_SCM.o
G_txAddBufPLC       0x5               IGS_SCM.o
initialLGMF         0x1               IGS_SCM.o
G_testmodeDipValue  0x1               IGS_SCM.o
G_StatusBufLGMtoSCM
                    0x28              IGS_SCM.o
G_StatusBufUSMtoSCM
                    0x78              IGS_SCM.o
G_txBuf485          0x1e4             IGS_SCM.o
G_lgmStatusBuf      0x28              IGS_SCM.o
uaddCF              0x1               IGS_SCM.o
G_usmCurrentCntlID  0x1               IGS_SCM.o
u8data              0x1               IGS_SCM.o
paramCF             0x1               IGS_SCM.o
lopmodeCF           0x1               IGS_SCM.o
G_rxBuf485          0x1e4             IGS_SCM.o
initialUSMF         0x1               IGS_SCM.o
G_lgmStatusCnt      0x28              IGS_SCM.o
laddCF              0x1               IGS_SCM.o
G_lgmTotalCnt       0x28              IGS_SCM.o
uopmodeCF           0x1               IGS_SCM.o
G_rxBufPLC          0x2               IGS_SCM.o
G_485Packet         0x1ea             IGS_SCM.o
G_usmStatusBuffer   0x78              IGS_SCM.o

Memory Configuration

Name             Origin             Length             Attributes
text             0x00000000         0x00020000         xr
data             0x00800100         0x0000ff00         rw !x
eeprom           0x00810000         0x00010000         rw !x
fuse             0x00820000         0x00000400         rw !x
lock             0x00830000         0x00000400         rw !x
signature        0x00840000         0x00000400         rw !x
user_signatures  0x00850000         0x00000400         rw !x
*default*        0x00000000         0xffffffff

Linker script and memory map

Address of section .data set to 0x800100
LOAD C:/Program Files (x86)/Atmel/Studio/7.0/Packs/atmel/ATmega_DFP/1.0.106/gcc/dev/atmega128/avr51/crtatmega128.o
LOAD IGS_SCM.o
START GROUP
LOAD c:/program files (x86)/atmel/studio/7.0/toolchain/avr8/avr8-gnu-toolchain/bin/../lib/gcc/avr/5.4.0/../../../../avr/lib/avr51\libm.a
END GROUP
LOAD c:/program files (x86)/atmel/studio/7.0/toolchain/avr8/avr8-gnu-toolchain/bin/../lib/gcc/avr/5.4.0/avr51\libgcc.a
LOAD c:/program files (x86)/atmel/studio/7.0/toolchain/avr8/avr8-gnu-toolchain/bin/../lib/gcc/avr/5.4.0/../../../../avr/lib/avr51\libm.a
START GROUP
LOAD c:/program files (x86)/atmel/studio/7.0/toolchain/avr8/avr8-gnu-toolchain/bin/../lib/gcc/avr/5.4.0/avr51\libgcc.a
LOAD c:/program files (x86)/atmel/studio/7.0/toolchain/avr8/avr8-gnu-toolchain/bin/../lib/gcc/avr/5.4.0/../../../../avr/lib/avr51\libm.a
LOAD c:/program files (x86)/atmel/studio/7.0/toolchain/avr8/avr8-gnu-toolchain/bin/../lib/gcc/avr/5.4.0/../../../../avr/lib/avr51\libc.a
LOAD C:/Program Files (x86)/Atmel/Studio/7.0/Packs/atmel/ATmega_DFP/1.0.106/gcc/dev/atmega128/avr51\libatmega128.a
END GROUP
                0x00020000                __TEXT_REGION_LENGTH__ = DEFINED (__TEXT_REGION_LENGTH__)?__TEXT_REGION_LENGTH__:0x20000
                0x0000ff00                __DATA_REGION_LENGTH__ = DEFINED (__DATA_REGION_LENGTH__)?__DATA_REGION_LENGTH__:0xff00
                0x00010000                __EEPROM_REGION_LENGTH__ = DEFINED (__EEPROM_REGION_LENGTH__)?__EEPROM_REGION_LENGTH__:0x10000
                0x00000400                __FUSE_REGION_LENGTH__ = DEFINED (__FUSE_REGION_LENGTH__)?__FUSE_REGION_LENGTH__:0x400
                0x00000400                __LOCK_REGION_LENGTH__ = DEFINED (__LOCK_REGION_LENGTH__)?__LOCK_REGION_LENGTH__:0x400
                0x00000400                __SIGNATURE_REGION_LENGTH__ = DEFINED (__SIGNATURE_REGION_LENGTH__)?__SIGNATURE_REGION_LENGTH__:0x400
                0x00000400                __USER_SIGNATURE_REGION_LENGTH__ = DEFINED (__USER_SIGNATURE_REGION_LENGTH__)?__USER_SIGNATURE_REGION_LENGTH__:0x400

.hash
 *(.hash)

.dynsym
 *(.dynsym)

.dynstr
 *(.dynstr)

.gnu.version
 *(.gnu.version)

.gnu.version_d
 *(.gnu.version_d)

.gnu.version_r
 *(.gnu.version_r)

.rel.init
 *(.rel.init)

.rela.init
 *(.rela.init)

.rel.text
 *(.rel.text)
 *(.rel.text.*)
 *(.rel.gnu.linkonce.t*)

.rela.text
 *(.rela.text)
 *(.rela.text.*)
 *(.rela.gnu.linkonce.t*)

.rel.fini
 *(.rel.fini)

.rela.fini
 *(.rela.fini)

.rel.rodata
 *(.rel.rodata)
 *(.rel.rodata.*)
 *(.rel.gnu.linkonce.r*)

.rela.rodata
 *(.rela.rodata)
 *(.rela.rodata.*)
 *(.rela.gnu.linkonce.r*)

.rel.data
 *(.rel.data)
 *(.rel.data.*)
 *(.rel.gnu.linkonce.d*)

.rela.data
 *(.rela.data)
 *(.rela.data.*)
 *(.rela.gnu.linkonce.d*)

.rel.ctors
 *(.rel.ctors)

.rela.ctors
 *(.rela.ctors)

.rel.dtors
 *(.rel.dtors)

.rela.dtors
 *(.rela.dtors)

.rel.got
 *(.rel.got)

.rela.got
 *(.rela.got)

.rel.bss
 *(.rel.bss)

.rela.bss
 *(.rela.bss)

.rel.plt
 *(.rel.plt)

.rela.plt
 *(.rela.plt)

.text           0x00000000     0x1fe2
 *(.vectors)
 .vectors       0x00000000       0x8c C:/Program Files (x86)/Atmel/Studio/7.0/Packs/atmel/ATmega_DFP/1.0.106/gcc/dev/atmega128/avr51/crtatmega128.o
                0x00000000                __vector_default
                0x00000000                __vectors
 *(.vectors)
 *(.progmem.gcc*)
 .progmem.gcc_sw_table.__vector_16
                0x0000008c       0xc4 IGS_SCM.o
                0x00000150                . = ALIGN (0x2)
                0x00000150                __trampolines_start = .
 *(.trampolines)
 .trampolines   0x00000150        0x0 linker stubs
 *(.trampolines*)
                0x00000150                __trampolines_end = .
 *libprintf_flt.a:*(.progmem.data)
 *libc.a:*(.progmem.data)
 *(.progmem*)
                0x00000150                . = ALIGN (0x2)
 *(.jumptables)
 *(.jumptables*)
 *(.lowtext)
 *(.lowtext*)
                0x00000150                __ctors_start = .
 *(.ctors)
                0x00000150                __ctors_end = .
                0x00000150                __dtors_start = .
 *(.dtors)
                0x00000150                __dtors_end = .
 SORT(*)(.ctors)
 SORT(*)(.dtors)
 *(.init0)
 .init0         0x00000150        0x0 C:/Program Files (x86)/Atmel/Studio/7.0/Packs/atmel/ATmega_DFP/1.0.106/gcc/dev/atmega128/avr51/crtatmega128.o
                0x00000150                __init
 *(.init0)
 *(.init1)
 *(.init1)
 *(.init2)
 .init2         0x00000150        0xc C:/Program Files (x86)/Atmel/Studio/7.0/Packs/atmel/ATmega_DFP/1.0.106/gcc/dev/atmega128/avr51/crtatmega128.o
 *(.init2)
 *(.init3)
 *(.init3)
 *(.init4)
 .init4         0x0000015c       0x1a c:/program files (x86)/atmel/studio/7.0/toolchain/avr8/avr8-gnu-toolchain/bin/../lib/gcc/avr/5.4.0/avr51\libgcc.a(_copy_data.o)
                0x0000015c                __do_copy_data
 .init4         0x00000176       0x10 c:/program files (x86)/atmel/studio/7.0/toolchain/avr8/avr8-gnu-toolchain/bin/../lib/gcc/avr/5.4.0/avr51\libgcc.a(_clear_bss.o)
                0x00000176                __do_clear_bss
 *(.init4)
 *(.init5)
 *(.init5)
 *(.init6)
 *(.init6)
 *(.init7)
 *(.init7)
 *(.init8)
 *(.init8)
 *(.init9)
 .init9         0x00000186        0x6 C:/Program Files (x86)/Atmel/Studio/7.0/Packs/atmel/ATmega_DFP/1.0.106/gcc/dev/atmega128/avr51/crtatmega128.o
 *(.init9)
 *(.text)
 .text          0x0000018c        0x2 C:/Program Files (x86)/Atmel/Studio/7.0/Packs/atmel/ATmega_DFP/1.0.106/gcc/dev/atmega128/avr51/crtatmega128.o
                0x0000018c                __vector_22
                0x0000018c                __vector_28
                0x0000018c                __vector_1
                0x0000018c                __vector_32
                0x0000018c                __vector_34
                0x0000018c                __vector_24
                0x0000018c                __vector_12
                0x0000018c                __bad_interrupt
                0x0000018c                __vector_6
                0x0000018c                __vector_31
                0x0000018c                __vector_3
                0x0000018c                __vector_23
                0x0000018c                __vector_30
                0x0000018c                __vector_25
                0x0000018c                __vector_11
                0x0000018c                __vector_13
                0x0000018c                __vector_17
                0x0000018c                __vector_27
                0x0000018c                __vector_5
                0x0000018c                __vector_33
                0x0000018c                __vector_4
                0x0000018c                __vector_9
                0x0000018c                __vector_2
                0x0000018c                __vector_21
                0x0000018c                __vector_15
                0x0000018c                __vector_29
                0x0000018c                __vector_8
                0x0000018c                __vector_26
                0x0000018c                __vector_14
 .text          0x0000018e        0x0 IGS_SCM.o
 .text          0x0000018e        0x0 c:/program files (x86)/atmel/studio/7.0/toolchain/avr8/avr8-gnu-toolchain/bin/../lib/gcc/avr/5.4.0/avr51\libgcc.a(_exit.o)
 .text          0x0000018e        0x0 c:/program files (x86)/atmel/studio/7.0/toolchain/avr8/avr8-gnu-toolchain/bin/../lib/gcc/avr/5.4.0/avr51\libgcc.a(_tablejump2.o)
 .text          0x0000018e        0x0 c:/program files (x86)/atmel/studio/7.0/toolchain/avr8/avr8-gnu-toolchain/bin/../lib/gcc/avr/5.4.0/avr51\libgcc.a(_copy_data.o)
 .text          0x0000018e        0x0 c:/program files (x86)/atmel/studio/7.0/toolchain/avr8/avr8-gnu-toolchain/bin/../lib/gcc/avr/5.4.0/avr51\libgcc.a(_clear_bss.o)
                0x0000018e                . = ALIGN (0x2)
 *(.text.*)
 .text.crcsum   0x0000018e       0x32 IGS_SCM.o
                0x0000018e                crcsum
 .text.SCMTF_SetClock
                0x000001c0       0x14 IGS_SCM.o
                0x000001c0                SCMTF_SetClock
 .text.SCMTF_PortInit
                0x000001d4       0x28 IGS_SCM.o
                0x000001d4                SCMTF_PortInit
 .text.SCMTF_ExIntInit
                0x000001fc        0x6 IGS_SCM.o
                0x000001fc                SCMTF_ExIntInit
 .text.SCMTF_ReadDipSwitchValueMYID
                0x00000202       0x10 IGS_SCM.o
                0x00000202                SCMTF_ReadDipSwitchValueMYID
 .text.SCMTF_ReadDipSwitchValueMode
                0x00000212        0x8 IGS_SCM.o
                0x00000212                SCMTF_ReadDipSwitchValueMode
 .text.SCMTF_ReadDipSwitchValueTest
                0x0000021a        0x8 IGS_SCM.o
                0x0000021a                SCMTF_ReadDipSwitchValueTest
 .text.SCMTF_CheckOverCurrent
                0x00000222        0x8 IGS_SCM.o
                0x00000222                SCMTF_CheckOverCurrent
 .text.SCM485F_USART0Init
                0x0000022a       0x14 IGS_SCM.o
                0x0000022a                SCM485F_USART0Init
 .text.SCM485F_RxCompleteTimerInit
                0x0000023e        0xc IGS_SCM.o
                0x0000023e                SCM485F_RxCompleteTimerInit
 .text.SCM485F_BufferInit
                0x0000024a       0x12 IGS_SCM.o
                0x0000024a                SCM485F_BufferInit
 .text.SCM485F_OneByteWrite_485
                0x0000025c       0x2e IGS_SCM.o
                0x0000025c                SCM485F_OneByteWrite_485
 .text.SCM485F_OneByteRead_485
                0x0000028a       0x4e IGS_SCM.o
                0x0000028a                SCM485F_OneByteRead_485
 .text.SCM485F_packetBufInit
                0x000002d8       0x2a IGS_SCM.o
                0x000002d8                SCM485F_packetBufInit
 .text.SCM485F_checkCRC16
                0x00000302        0x8 IGS_SCM.o
                0x00000302                SCM485F_checkCRC16
 .text.SCM485F_getRxPacket
                0x0000030a       0xea IGS_SCM.o
                0x0000030a                SCM485F_getRxPacket
 .text.SCM485F_makeTxPacket
                0x000003f4       0x90 IGS_SCM.o
                0x000003f4                SCM485F_makeTxPacket
 .text.SCMPLCF_PLCTxTimerInit
                0x00000484        0xc IGS_SCM.o
                0x00000484                SCMPLCF_PLCTxTimerInit
 .text.SCMPLCF_StatusUSMBuffInit
                0x00000490       0x2e IGS_SCM.o
                0x00000490                SCMPLCF_StatusUSMBuffInit
 .text.SCMPLCF_StatusLGMBuffInit
                0x000004be       0x26 IGS_SCM.o
                0x000004be                SCMPLCF_StatusLGMBuffInit
 .text.SCMPLCF_lgmStatusBuffInit
                0x000004e4       0x16 IGS_SCM.o
                0x000004e4                SCMPLCF_lgmStatusBuffInit
 .text.SCMPLCF_lgmTotalCntBuffInit
                0x000004fa       0x16 IGS_SCM.o
                0x000004fa                SCMPLCF_lgmTotalCntBuffInit
 .text.SCMPLCF_SendMessageAddPacket
                0x00000510      0x5b8 IGS_SCM.o
                0x00000510                SCMPLCF_SendMessageAddPacket
 .text.SCMPLCF_SendMessageCntlPacket
                0x00000ac8      0x3d0 IGS_SCM.o
                0x00000ac8                SCMPLCF_SendMessageCntlPacket
 .text.SCM485F_ExtMemInit
                0x00000e98       0x14 IGS_SCM.o
                0x00000e98                SCM485F_ExtMemInit
 .text.SCMEMF_ReadExtMemTest
                0x00000eac        0xc IGS_SCM.o
                0x00000eac                SCMEMF_ReadExtMemTest
 .text.SCMEMF_WriteExtMemUSMAddr
                0x00000eb8       0x7e IGS_SCM.o
                0x00000eb8                SCMEMF_WriteExtMemUSMAddr
 .text.SCMEMF_WriteExtMemLGMAddr
                0x00000f36       0x84 IGS_SCM.o
                0x00000f36                SCMEMF_WriteExtMemLGMAddr
 .text.SCMEMF_WriteExtMemUSMCntlID
                0x00000fba       0x20 IGS_SCM.o
                0x00000fba                SCMEMF_WriteExtMemUSMCntlID
 .text.SCMEMF_WriteExtMemUSMOPMode
                0x00000fda       0x34 IGS_SCM.o
                0x00000fda                SCMEMF_WriteExtMemUSMOPMode
 .text.SCMEMF_WriteExtMemLGMOPMode
                0x0000100e       0x32 IGS_SCM.o
                0x0000100e                SCMEMF_WriteExtMemLGMOPMode
 .text.SCMEMF_WriteExtMemUSMParam
                0x00001040       0x5a IGS_SCM.o
                0x00001040                SCMEMF_WriteExtMemUSMParam
 .text.SCMEMF_WriteExtMemUSMtoLGM
                0x0000109a       0x54 IGS_SCM.o
                0x0000109a                SCMEMF_WriteExtMemUSMtoLGM
 .text.main     0x000010ee      0x41c IGS_SCM.o
                0x000010ee                main
 .text.__vector_18
                0x0000150a       0x7e IGS_SCM.o
                0x0000150a                __vector_18
 .text.__vector_16
                0x00001588      0x1bc IGS_SCM.o
                0x00001588                __vector_16
 .text.__vector_19
                0x00001744       0x60 IGS_SCM.o
                0x00001744                __vector_19
 .text.__vector_20
                0x000017a4       0x24 IGS_SCM.o
                0x000017a4                __vector_20
 .text.__vector_10
                0x000017c8      0x740 IGS_SCM.o
                0x000017c8                __vector_10
 .text.__vector_7
                0x00001f08       0xc4 IGS_SCM.o
                0x00001f08                __vector_7
 .text.libgcc.mul
                0x00001fcc        0x0 c:/program files (x86)/atmel/studio/7.0/toolchain/avr8/avr8-gnu-toolchain/bin/../lib/gcc/avr/5.4.0/avr51\libgcc.a(_exit.o)
 .text.libgcc.div
                0x00001fcc        0x0 c:/program files (x86)/atmel/studio/7.0/toolchain/avr8/avr8-gnu-toolchain/bin/../lib/gcc/avr/5.4.0/avr51\libgcc.a(_exit.o)
 .text.libgcc   0x00001fcc        0x0 c:/program files (x86)/atmel/studio/7.0/toolchain/avr8/avr8-gnu-toolchain/bin/../lib/gcc/avr/5.4.0/avr51\libgcc.a(_exit.o)
 .text.libgcc.prologue
                0x00001fcc        0x0 c:/program files (x86)/atmel/studio/7.0/toolchain/avr8/avr8-gnu-toolchain/bin/../lib/gcc/avr/5.4.0/avr51\libgcc.a(_exit.o)
 .text.libgcc.builtins
                0x00001fcc        0x0 c:/program files (x86)/atmel/studio/7.0/toolchain/avr8/avr8-gnu-toolchain/bin/../lib/gcc/avr/5.4.0/avr51\libgcc.a(_exit.o)
 .text.libgcc.fmul
                0x00001fcc        0x0 c:/program files (x86)/atmel/studio/7.0/toolchain/avr8/avr8-gnu-toolchain/bin/../lib/gcc/avr/5.4.0/avr51\libgcc.a(_exit.o)
 .text.libgcc.fixed
                0x00001fcc        0x0 c:/program files (x86)/atmel/studio/7.0/toolchain/avr8/avr8-gnu-toolchain/bin/../lib/gcc/avr/5.4.0/avr51\libgcc.a(_exit.o)
 .text.libgcc.mul
                0x00001fcc        0x0 c:/program files (x86)/atmel/studio/7.0/toolchain/avr8/avr8-gnu-toolchain/bin/../lib/gcc/avr/5.4.0/avr51\libgcc.a(_tablejump2.o)
 .text.libgcc.div
                0x00001fcc        0x0 c:/program files (x86)/atmel/studio/7.0/toolchain/avr8/avr8-gnu-toolchain/bin/../lib/gcc/avr/5.4.0/avr51\libgcc.a(_tablejump2.o)
 .text.libgcc   0x00001fcc       0x12 c:/program files (x86)/atmel/studio/7.0/toolchain/avr8/avr8-gnu-toolchain/bin/../lib/gcc/avr/5.4.0/avr51\libgcc.a(_tablejump2.o)
                0x00001fcc                __tablejump2__
 .text.libgcc.prologue
                0x00001fde        0x0 c:/program files (x86)/atmel/studio/7.0/toolchain/avr8/avr8-gnu-toolchain/bin/../lib/gcc/avr/5.4.0/avr51\libgcc.a(_tablejump2.o)
 .text.libgcc.builtins
                0x00001fde        0x0 c:/program files (x86)/atmel/studio/7.0/toolchain/avr8/avr8-gnu-toolchain/bin/../lib/gcc/avr/5.4.0/avr51\libgcc.a(_tablejump2.o)
 .text.libgcc.fmul
                0x00001fde        0x0 c:/program files (x86)/atmel/studio/7.0/toolchain/avr8/avr8-gnu-toolchain/bin/../lib/gcc/avr/5.4.0/avr51\libgcc.a(_tablejump2.o)
 .text.libgcc.fixed
                0x00001fde        0x0 c:/program files (x86)/atmel/studio/7.0/toolchain/avr8/avr8-gnu-toolchain/bin/../lib/gcc/avr/5.4.0/avr51\libgcc.a(_tablejump2.o)
 .text.libgcc.mul
                0x00001fde        0x0 c:/program files (x86)/atmel/studio/7.0/toolchain/avr8/avr8-gnu-toolchain/bin/../lib/gcc/avr/5.4.0/avr51\libgcc.a(_copy_data.o)
 .text.libgcc.div
                0x00001fde        0x0 c:/program files (x86)/atmel/studio/7.0/toolchain/avr8/avr8-gnu-toolchain/bin/../lib/gcc/avr/5.4.0/avr51\libgcc.a(_copy_data.o)
 .text.libgcc   0x00001fde        0x0 c:/program files (x86)/atmel/studio/7.0/toolchain/avr8/avr8-gnu-toolchain/bin/../lib/gcc/avr/5.4.0/avr51\libgcc.a(_copy_data.o)
 .text.libgcc.prologue
                0x00001fde        0x0 c:/program files (x86)/atmel/studio/7.0/toolchain/avr8/avr8-gnu-toolchain/bin/../lib/gcc/avr/5.4.0/avr51\libgcc.a(_copy_data.o)
 .text.libgcc.builtins
                0x00001fde        0x0 c:/program files (x86)/atmel/studio/7.0/toolchain/avr8/avr8-gnu-toolchain/bin/../lib/gcc/avr/5.4.0/avr51\libgcc.a(_copy_data.o)
 .text.libgcc.fmul
                0x00001fde        0x0 c:/program files (x86)/atmel/studio/7.0/toolchain/avr8/avr8-gnu-toolchain/bin/../lib/gcc/avr/5.4.0/avr51\libgcc.a(_copy_data.o)
 .text.libgcc.fixed
                0x00001fde        0x0 c:/program files (x86)/atmel/studio/7.0/toolchain/avr8/avr8-gnu-toolchain/bin/../lib/gcc/avr/5.4.0/avr51\libgcc.a(_copy_data.o)
 .text.libgcc.mul
                0x00001fde        0x0 c:/program files (x86)/atmel/studio/7.0/toolchain/avr8/avr8-gnu-toolchain/bin/../lib/gcc/avr/5.4.0/avr51\libgcc.a(_clear_bss.o)
 .text.libgcc.div
                0x00001fde        0x0 c:/program files (x86)/atmel/studio/7.0/toolchain/avr8/avr8-gnu-toolchain/bin/../lib/gcc/avr/5.4.0/avr51\libgcc.a(_clear_bss.o)
 .text.libgcc   0x00001fde        0x0 c:/program files (x86)/atmel/studio/7.0/toolchain/avr8/avr8-gnu-toolchain/bin/../lib/gcc/avr/5.4.0/avr51\libgcc.a(_clear_bss.o)
 .text.libgcc.prologue
                0x00001fde        0x0 c:/program files (x86)/atmel/studio/7.0/toolchain/avr8/avr8-gnu-toolchain/bin/../lib/gcc/avr/5.4.0/avr51\libgcc.a(_clear_bss.o)
 .text.libgcc.builtins
                0x00001fde        0x0 c:/program files (x86)/atmel/studio/7.0/toolchain/avr8/avr8-gnu-toolchain/bin/../lib/gcc/avr/5.4.0/avr51\libgcc.a(_clear_bss.o)
 .text.libgcc.fmul
                0x00001fde        0x0 c:/program files (x86)/atmel/studio/7.0/toolchain/avr8/avr8-gnu-toolchain/bin/../lib/gcc/avr/5.4.0/avr51\libgcc.a(_clear_bss.o)
 .text.libgcc.fixed
                0x00001fde        0x0 c:/program files (x86)/atmel/studio/7.0/toolchain/avr8/avr8-gnu-toolchain/bin/../lib/gcc/avr/5.4.0/avr51\libgcc.a(_clear_bss.o)
                0x00001fde                . = ALIGN (0x2)
 *(.fini9)
 .fini9         0x00001fde        0x0 c:/program files (x86)/atmel/studio/7.0/toolchain/avr8/avr8-gnu-toolchain/bin/../lib/gcc/avr/5.4.0/avr51\libgcc.a(_exit.o)
                0x00001fde                _exit
                0x00001fde                exit
 *(.fini9)
 *(.fini8)
 *(.fini8)
 *(.fini7)
 *(.fini7)
 *(.fini6)
 *(.fini6)
 *(.fini5)
 *(.fini5)
 *(.fini4)
 *(.fini4)
 *(.fini3)
 *(.fini3)
 *(.fini2)
 *(.fini2)
 *(.fini1)
 *(.fini1)
 *(.fini0)
 .fini0         0x00001fde        0x4 c:/program files (x86)/atmel/studio/7.0/toolchain/avr8/avr8-gnu-toolchain/bin/../lib/gcc/avr/5.4.0/avr51\libgcc.a(_exit.o)
 *(.fini0)
                0x00001fe2                _etext = .

.data           0x00800100      0x210 load address 0x00001fe2
                0x00800100                PROVIDE (__data_start, .)
 *(.data)
 .data          0x00800100        0x0 C:/Program Files (x86)/Atmel/Studio/7.0/Packs/atmel/ATmega_DFP/1.0.106/gcc/dev/atmega128/avr51/crtatmega128.o
 .data          0x00800100        0x0 IGS_SCM.o
 .data          0x00800100        0x0 c:/program files (x86)/atmel/studio/7.0/toolchain/avr8/avr8-gnu-toolchain/bin/../lib/gcc/avr/5.4.0/avr51\libgcc.a(_exit.o)
 .data          0x00800100        0x0 c:/program files (x86)/atmel/studio/7.0/toolchain/avr8/avr8-gnu-toolchain/bin/../lib/gcc/avr/5.4.0/avr51\libgcc.a(_tablejump2.o)
 .data          0x00800100        0x0 c:/program files (x86)/atmel/studio/7.0/toolchain/avr8/avr8-gnu-toolchain/bin/../lib/gcc/avr/5.4.0/avr51\libgcc.a(_copy_data.o)
 .data          0x00800100        0x0 c:/program files (x86)/atmel/studio/7.0/toolchain/avr8/avr8-gnu-toolchain/bin/../lib/gcc/avr/5.4.0/avr51\libgcc.a(_clear_bss.o)
 *(.data*)
 .data.G_dipSwitchTable
                0x00800100       0x10 IGS_SCM.o
                0x00800100                G_dipSwitchTable
 *(.rodata)
 *(.rodata*)
 .rodata.crc_table
                0x00800110      0x200 IGS_SCM.o
 *(.gnu.linkonce.d*)
                0x00800310                . = ALIGN (0x2)
                0x00800310                _edata = .
                0x00800310                PROVIDE (__data_end, .)

.bss            0x00800310      0xd5c
                0x00800310                PROVIDE (__bss_start, .)
 *(.bss)
 .bss           0x00800310        0x0 C:/Program Files (x86)/Atmel/Studio/7.0/Packs/atmel/ATmega_DFP/1.0.106/gcc/dev/atmega128/avr51/crtatmega128.o
 .bss           0x00800310        0x0 IGS_SCM.o
 .bss           0x00800310        0x0 c:/program files (x86)/atmel/studio/7.0/toolchain/avr8/avr8-gnu-toolchain/bin/../lib/gcc/avr/5.4.0/avr51\libgcc.a(_exit.o)
 .bss           0x00800310        0x0 c:/program files (x86)/atmel/studio/7.0/toolchain/avr8/avr8-gnu-toolchain/bin/../lib/gcc/avr/5.4.0/avr51\libgcc.a(_tablejump2.o)
 .bss           0x00800310        0x0 c:/program files (x86)/atmel/studio/7.0/toolchain/avr8/avr8-gnu-toolchain/bin/../lib/gcc/avr/5.4.0/avr51\libgcc.a(_copy_data.o)
 .bss           0x00800310        0x0 c:/program files (x86)/atmel/studio/7.0/toolchain/avr8/avr8-gnu-toolchain/bin/../lib/gcc/avr/5.4.0/avr51\libgcc.a(_clear_bss.o)
 *(.bss*)
 .bss.G_LedOffFlag
                0x00800310        0x1 IGS_SCM.o
                0x00800310                G_LedOffFlag
 .bss.G_usmParam
                0x00800311      0x1e0 IGS_SCM.o
                0x00800311                G_usmParam
 .bss.G_lgmOPMode
                0x008004f1       0x28 IGS_SCM.o
                0x008004f1                G_lgmOPMode
 .bss.G_usmOPMode
                0x00800519       0x78 IGS_SCM.o
                0x00800519                G_usmOPMode
 .bss.G_usmTolgm
                0x00800591       0x78 IGS_SCM.o
                0x00800591                G_usmTolgm
 .bss.G_lgmAdd  0x00800609       0xa0 IGS_SCM.o
                0x00800609                G_lgmAdd
 .bss.G_usmAdd  0x008006a9      0x1e0 IGS_SCM.o
                0x008006a9                G_usmAdd
 .bss.ParamLoopCnt
                0x00800889        0x1 IGS_SCM.o
                0x00800889                ParamLoopCnt
 .bss.ParamCnt  0x0080088a        0x1 IGS_SCM.o
                0x0080088a                ParamCnt
 .bss.G_SULCR_V
                0x0080088b        0x1 IGS_SCM.o
                0x0080088b                G_SULCR_V
 .bss.G_SULCR   0x0080088c        0x1 IGS_SCM.o
                0x0080088c                G_SULCR
 .bss.G_lgmOPModeOnF
                0x0080088d        0x1 IGS_SCM.o
                0x0080088d                G_lgmOPModeOnF
 .bss.G_usmOPModeOnF
                0x0080088e        0x1 IGS_SCM.o
                0x0080088e                G_usmOPModeOnF
 .bss.G_usmStatusReqF
                0x0080088f        0x1 IGS_SCM.o
                0x0080088f                G_usmStatusReqF
 .bss.G_usmSensingF
                0x00800890        0x1 IGS_SCM.o
                0x00800890                G_usmSensingF
 .bss.G_plcLGMCurrentIndex
                0x00800891        0x1 IGS_SCM.o
                0x00800891                G_plcLGMCurrentIndex
 .bss.G_plcUSMCurrentIndex
                0x00800892        0x1 IGS_SCM.o
                0x00800892                G_plcUSMCurrentIndex
 .bss.G_plcTimerOverFlowCnt
                0x00800893        0x1 IGS_SCM.o
                0x00800893                G_plcTimerOverFlowCnt
 .bss.G_RSCOMR  0x00800894        0x2 IGS_SCM.o
                0x00800894                G_RSCOMR
 .bss.iterNum   0x00800896        0x1 IGS_SCM.o
                0x00800896                iterNum
 .bss.G_485TimerOverFlowCnt
                0x00800897        0x1 IGS_SCM.o
                0x00800897                G_485TimerOverFlowCnt
 .bss.G_invalidIDF
                0x00800898        0x1 IGS_SCM.o
                0x00800898                G_invalidIDF
 .bss.G_totalLGMCnt
                0x00800899        0x1 IGS_SCM.o
                0x00800899                G_totalLGMCnt
 .bss.G_totalUSMCnt
                0x0080089a        0x1 IGS_SCM.o
                0x0080089a                G_totalUSMCnt
 *(COMMON)
 COMMON         0x0080089b      0x7d1 IGS_SCM.o
                0x0080089b                G_idDipValue
                0x0080089c                G_txCntlBufPLC
                0x008008a0                G_cntlmodeDipValue
                0x008008a1                G_usmPLCInterruptF
                0x00800919                G_txAddBufPLC
                0x0080091e                initialLGMF
                0x0080091f                G_testmodeDipValue
                0x00800920                G_StatusBufLGMtoSCM
                0x00800948                G_StatusBufUSMtoSCM
                0x008009c0                G_txBuf485
                0x00800ba4                G_lgmStatusBuf
                0x00800bcc                uaddCF
                0x00800bcd                G_usmCurrentCntlID
                0x00800bce                u8data
                0x00800bcf                paramCF
                0x00800bd0                lopmodeCF
                0x00800bd1                G_rxBuf485
                0x00800db5                initialUSMF
                0x00800db6                G_lgmStatusCnt
                0x00800dde                laddCF
                0x00800ddf                G_lgmTotalCnt
                0x00800e07                uopmodeCF
                0x00800e08                G_rxBufPLC
                0x00800e0a                G_485Packet
                0x00800ff4                G_usmStatusBuffer
                0x0080106c                PROVIDE (__bss_end, .)
                0x00001fe2                __data_load_start = LOADADDR (.data)
                0x000021f2                __data_load_end = (__data_load_start + SIZEOF (.data))

.noinit         0x0080106c        0x0
                [!provide]                PROVIDE (__noinit_start, .)
 *(.noinit*)
                [!provide]                PROVIDE (__noinit_end, .)
                0x0080106c                _end = .
                [!provide]                PROVIDE (__heap_start, .)

.eeprom         0x00810000        0x0
 *(.eeprom*)
                0x00810000                __eeprom_end = .

.fuse
 *(.fuse)
 *(.lfuse)
 *(.hfuse)
 *(.efuse)

.lock
 *(.lock*)

.signature
 *(.signature*)

.user_signatures
 *(.user_signatures*)

.stab
 *(.stab)

.stabstr
 *(.stabstr)

.stab.excl
 *(.stab.excl)

.stab.exclstr
 *(.stab.exclstr)

.stab.index
 *(.stab.index)

.stab.indexstr
 *(.stab.indexstr)

.comment        0x00000000       0x30
 *(.comment)
 .comment       0x00000000       0x30 IGS_SCM.o
                                 0x31 (size before relaxing)

.note.gnu.avr.deviceinfo
                0x00000000       0x3c
 .note.gnu.avr.deviceinfo
                0x00000000       0x3c C:/Program Files (x86)/Atmel/Studio/7.0/Packs/atmel/ATmega_DFP/1.0.106/gcc/dev/atmega128/avr51/crtatmega128.o

.note.gnu.build-id
 *(.note.gnu.build-id)

.debug
 *(.debug)

.line
 *(.line)

.debug_srcinfo
 *(.debug_srcinfo)

.debug_sfnames
 *(.debug_sfnames)

.debug_aranges  0x00000000      0x158
 *(.debug_aranges)
 .debug_aranges
                0x00000000      0x158 IGS_SCM.o

.debug_pubnames
 *(.debug_pubnames)

.debug_info     0x00000000     0x25ef
 *(.debug_info .gnu.linkonce.wi.*)
 .debug_info    0x00000000     0x25ef IGS_SCM.o

.debug_abbrev   0x00000000      0x391
 *(.debug_abbrev)
 .debug_abbrev  0x00000000      0x391 IGS_SCM.o

.debug_line     0x00000000     0x16cd
 *(.debug_line .debug_line.* .debug_line_end)
 .debug_line    0x00000000     0x16cd IGS_SCM.o

.debug_frame    0x00000000      0x558
 *(.debug_frame)
 .debug_frame   0x00000000      0x558 IGS_SCM.o

.debug_str      0x00000000      0x91f
 *(.debug_str)
 .debug_str     0x00000000      0x91f IGS_SCM.o
                                0x969 (size before relaxing)

.debug_loc      0x00000000     0x2aca
 *(.debug_loc)
 .debug_loc     0x00000000     0x2aca IGS_SCM.o

.debug_macinfo
 *(.debug_macinfo)

.debug_weaknames
 *(.debug_weaknames)

.debug_funcnames
 *(.debug_funcnames)

.debug_typenames
 *(.debug_typenames)

.debug_varnames
 *(.debug_varnames)

.debug_pubtypes
 *(.debug_pubtypes)

.debug_ranges   0x00000000      0x160
 *(.debug_ranges)
 .debug_ranges  0x00000000      0x160 IGS_SCM.o

.debug_macro
 *(.debug_macro)
OUTPUT(IGS_SCM.elf elf32-avr)
LOAD linker stubs
