Archive member included to satisfy reference by file (symbol)

E:\igs_svn_data\PROJECT_02\02_FW\05_LEDModule\04_LEDonAduino\LEDController\ArduinoCore\Debug\libArduinoCore.a(main.o)
                              C:/Program Files (x86)/Atmel/Studio/7.0/Packs/atmel/ATmega_DFP/1.2.132/gcc/dev/atmega2560/avr6/crtatmega2560.o (main)
E:\igs_svn_data\PROJECT_02\02_FW\05_LEDModule\04_LEDonAduino\LEDController\ArduinoCore\Debug\libArduinoCore.a(wiring.o)
                              Sketch.o (delay)
E:\igs_svn_data\PROJECT_02\02_FW\05_LEDModule\04_LEDonAduino\LEDController\ArduinoCore\Debug\libArduinoCore.a(RGBmatrixPanel.o)
                              Sketch.o (_ZN14RGBmatrixPanel9drawPixelEiij)
E:\igs_svn_data\PROJECT_02\02_FW\05_LEDModule\04_LEDonAduino\LEDController\ArduinoCore\Debug\libArduinoCore.a(Adafruit_GFX.o)
                              E:\igs_svn_data\PROJECT_02\02_FW\05_LEDModule\04_LEDonAduino\LEDController\ArduinoCore\Debug\libArduinoCore.a(RGBmatrixPanel.o) (_ZN12Adafruit_GFX9writeLineEiiiij)
E:\igs_svn_data\PROJECT_02\02_FW\05_LEDModule\04_LEDonAduino\LEDController\ArduinoCore\Debug\libArduinoCore.a(abi.o)
                              E:\igs_svn_data\PROJECT_02\02_FW\05_LEDModule\04_LEDonAduino\LEDController\ArduinoCore\Debug\libArduinoCore.a(Adafruit_GFX.o) (__cxa_pure_virtual)
E:\igs_svn_data\PROJECT_02\02_FW\05_LEDModule\04_LEDonAduino\LEDController\ArduinoCore\Debug\libArduinoCore.a(HardwareSerial.o)
                              E:\igs_svn_data\PROJECT_02\02_FW\05_LEDModule\04_LEDonAduino\LEDController\ArduinoCore\Debug\libArduinoCore.a(RGBmatrixPanel.o) (_ZN14HardwareSerial5writeEh)
E:\igs_svn_data\PROJECT_02\02_FW\05_LEDModule\04_LEDonAduino\LEDController\ArduinoCore\Debug\libArduinoCore.a(HardwareSerial0.o)
                              E:\igs_svn_data\PROJECT_02\02_FW\05_LEDModule\04_LEDonAduino\LEDController\ArduinoCore\Debug\libArduinoCore.a(RGBmatrixPanel.o) (Serial)
E:\igs_svn_data\PROJECT_02\02_FW\05_LEDModule\04_LEDonAduino\LEDController\ArduinoCore\Debug\libArduinoCore.a(hooks.o)
                              E:\igs_svn_data\PROJECT_02\02_FW\05_LEDModule\04_LEDonAduino\LEDController\ArduinoCore\Debug\libArduinoCore.a(wiring.o) (yield)
E:\igs_svn_data\PROJECT_02\02_FW\05_LEDModule\04_LEDonAduino\LEDController\ArduinoCore\Debug\libArduinoCore.a(Print.o)
                              E:\igs_svn_data\PROJECT_02\02_FW\05_LEDModule\04_LEDonAduino\LEDController\ArduinoCore\Debug\libArduinoCore.a(RGBmatrixPanel.o) (_ZN5Print5writeEPKhj)
E:\igs_svn_data\PROJECT_02\02_FW\05_LEDModule\04_LEDonAduino\LEDController\ArduinoCore\Debug\libArduinoCore.a(wiring_digital.o)
                              E:\igs_svn_data\PROJECT_02\02_FW\05_LEDModule\04_LEDonAduino\LEDController\ArduinoCore\Debug\libArduinoCore.a(RGBmatrixPanel.o) (pinMode)
c:/program files (x86)/atmel/studio/7.0/toolchain/avr8/avr8-gnu-toolchain/bin/../lib/gcc/avr/5.4.0/../../../../avr/lib/avr6\libm.a(addsf3.o)
                              E:\igs_svn_data\PROJECT_02\02_FW\05_LEDModule\04_LEDonAduino\LEDController\ArduinoCore\Debug\libArduinoCore.a(Print.o) (__subsf3)
c:/program files (x86)/atmel/studio/7.0/toolchain/avr8/avr8-gnu-toolchain/bin/../lib/gcc/avr/5.4.0/../../../../avr/lib/avr6\libm.a(addsf3x.o)
                              c:/program files (x86)/atmel/studio/7.0/toolchain/avr8/avr8-gnu-toolchain/bin/../lib/gcc/avr/5.4.0/../../../../avr/lib/avr6\libm.a(addsf3.o) (__addsf3x)
c:/program files (x86)/atmel/studio/7.0/toolchain/avr8/avr8-gnu-toolchain/bin/../lib/gcc/avr/5.4.0/../../../../avr/lib/avr6\libm.a(cmpsf2.o)
                              E:\igs_svn_data\PROJECT_02\02_FW\05_LEDModule\04_LEDonAduino\LEDController\ArduinoCore\Debug\libArduinoCore.a(Print.o) (__ltsf2)
c:/program files (x86)/atmel/studio/7.0/toolchain/avr8/avr8-gnu-toolchain/bin/../lib/gcc/avr/5.4.0/../../../../avr/lib/avr6\libm.a(divsf3.o)
                              E:\igs_svn_data\PROJECT_02\02_FW\05_LEDModule\04_LEDonAduino\LEDController\ArduinoCore\Debug\libArduinoCore.a(Print.o) (__divsf3)
c:/program files (x86)/atmel/studio/7.0/toolchain/avr8/avr8-gnu-toolchain/bin/../lib/gcc/avr/5.4.0/../../../../avr/lib/avr6\libm.a(divsf3x.o)
                              c:/program files (x86)/atmel/studio/7.0/toolchain/avr8/avr8-gnu-toolchain/bin/../lib/gcc/avr/5.4.0/../../../../avr/lib/avr6\libm.a(divsf3.o) (__divsf3x)
c:/program files (x86)/atmel/studio/7.0/toolchain/avr8/avr8-gnu-toolchain/bin/../lib/gcc/avr/5.4.0/../../../../avr/lib/avr6\libm.a(fixunssfsi.o)
                              E:\igs_svn_data\PROJECT_02\02_FW\05_LEDModule\04_LEDonAduino\LEDController\ArduinoCore\Debug\libArduinoCore.a(Print.o) (__fixunssfsi)
c:/program files (x86)/atmel/studio/7.0/toolchain/avr8/avr8-gnu-toolchain/bin/../lib/gcc/avr/5.4.0/../../../../avr/lib/avr6\libm.a(floatsisf.o)
                              E:\igs_svn_data\PROJECT_02\02_FW\05_LEDModule\04_LEDonAduino\LEDController\ArduinoCore\Debug\libArduinoCore.a(Print.o) (__floatunsisf)
[...]
Memory Configuration

Name             Origin             Length             Attributes
text             0x00000000         0x00100000         xr
data             0x00800200         0x0000fe00         rw !x
eeprom           0x00810000         0x00010000         rw !x
fuse             0x00820000         0x00000003         rw !x
lock             0x00830000         0x00000400         rw !x
signature        0x00840000         0x00000400         rw !x
user_signatures  0x00850000         0x00000400         rw !x
*default*        0x00000000         0xffffffff

Linker script and memory map

Address of section .data set to 0x800200
LOAD C:/Program Files (x86)/Atmel/Studio/7.0/Packs/atmel/ATmega_DFP/1.2.132/gcc/dev/atmega2560/avr6/crtatmega2560.o
LOAD Sketch.o
START GROUP
LOAD c:/program files (x86)/atmel/studio/7.0/toolchain/avr8/avr8-gnu-toolchain/bin/../lib/gcc/avr/5.4.0/../../../../avr/lib/avr6\libm.a
LOAD E:\igs_svn_data\PROJECT_02\02_FW\05_LEDModule\04_LEDonAduino\LEDController\ArduinoCore\Debug\libArduinoCore.a
END GROUP
LOAD c:/program files (x86)/atmel/studio/7.0/toolchain/avr8/avr8-gnu-toolchain/bin/../lib/gcc/avr/5.4.0/avr6\libgcc.a
LOAD c:/program files (x86)/atmel/studio/7.0/toolchain/avr8/avr8-gnu-toolchain/bin/../lib/gcc/avr/5.4.0/../../../../avr/lib/avr6\libm.a
START GROUP
LOAD c:/program files (x86)/atmel/studio/7.0/toolchain/avr8/avr8-gnu-toolchain/bin/../lib/gcc/avr/5.4.0/avr6\libgcc.a
LOAD c:/program files (x86)/atmel/studio/7.0/toolchain/avr8/avr8-gnu-toolchain/bin/../lib/gcc/avr/5.4.0/../../../../avr/lib/avr6\libm.a
LOAD c:/program files (x86)/atmel/studio/7.0/toolchain/avr8/avr8-gnu-toolchain/bin/../lib/gcc/avr/5.4.0/../../../../avr/lib/avr6\libc.a
LOAD C:/Program Files (x86)/Atmel/Studio/7.0/Packs/atmel/ATmega_DFP/1.2.132/gcc/dev/atmega2560/avr6\libatmega2560.a
END GROUP
                0x00100000                __TEXT_REGION_LENGTH__ = DEFINED (__TEXT_REGION_LENGTH__)?__TEXT_REGION_LENGTH__:0x100000
                0x0000fe00                __DATA_REGION_LENGTH__ = DEFINED (__DATA_REGION_LENGTH__)?__DATA_REGION_LENGTH__:0xfe00
                0x00010000                __EEPROM_REGION_LENGTH__ = DEFINED (__EEPROM_REGION_LENGTH__)?__EEPROM_REGION_LENGTH__:0x10000
                [0x00000003]                __FUSE_REGION_LENGTH__ = DEFINED (__FUSE_REGION_LENGTH__)?__FUSE_REGION_LENGTH__:0x400
                0x00000400                __LOCK_REGION_LENGTH__ = DEFINED (__LOCK_REGION_LENGTH__)?__LOCK_REGION_LENGTH__:0x400
                0x00000400                __SIGNATURE_REGION_LENGTH__ = DEFINED (__SIGNATURE_REGION_LENGTH__)?__SIGNATURE_REGION_LENGTH__:0x400
                0x00000400                __USER_SIGNATURE_REGION_LENGTH__ = DEFINED (__USER_SIGNATURE_REGION_LENGTH__)?__USER_SIGNATURE_REGION_LENGTH__:0x400

.hash
 *(.hash)

.dynsym
 *(.dynsym)

.dynstr
 *(.dynstr)

.gnu.version
 *(.gnu.version)

.gnu.version_d
 *(.gnu.version_d)

.gnu.version_r
 *(.gnu.version_r)

.rel.init
 *(.rel.init)

.rela.init
 *(.rela.init)

.rel.text
 *(.rel.text)
 *(.rel.text.*)
 *(.rel.gnu.linkonce.t*)

.rela.text
 *(.rela.text)
 *(.rela.text.*)
 *(.rela.gnu.linkonce.t*)

.rel.fini
 *(.rel.fini)

.rela.fini
 *(.rela.fini)

.rel.rodata
 *(.rel.rodata)
 *(.rel.rodata.*)
 *(.rel.gnu.linkonce.r*)

.rela.rodata
 *(.rela.rodata)
 *(.rela.rodata.*)
 *(.rela.gnu.linkonce.r*)

.rel.data
 *(.rel.data)
 *(.rel.data.*)
 *(.rel.gnu.linkonce.d*)

.rela.data
 *(.rela.data)
 *(.rela.data.*)
 *(.rela.gnu.linkonce.d*)

.rel.ctors
 *(.rel.ctors)

.rela.ctors
 *(.rela.ctors)

.rel.dtors
 *(.rel.dtors)

.rela.dtors
 *(.rela.dtors)

.rel.got
 *(.rel.got)

.rela.got
 *(.rela.got)

.rel.bss
 *(.rel.bss)

.rela.bss
 *(.rela.bss)

.rel.plt
 *(.rel.plt)

.rela.plt
 *(.rela.plt)

.text           0x00000000     0x29d6
 *(.vectors)
 .vectors       0x00000000       0xe4 C:/Program Files (x86)/Atmel/Studio/7.0/Packs/atmel/ATmega_DFP/1.2.132/gcc/dev/atmega2560/avr6/crtatmega2560.o
                0x00000000                __vector_default
                0x00000000                __vectors
 *(.vectors)
 *(.progmem.gcc*)
 .progmem.gcc_sw_table.loop
                0x000000e4       0x10 Sketch.o
                0x000000f4                . = ALIGN (0x2)
                0x000000f4                __trampolines_start = .
 *(.trampolines)
 .trampolines   0x000000f4        0x0 linker stubs
 *(.trampolines*)
                0x000000f4                __trampolines_end = .
 *libprintf_flt.a:*(.progmem.data)
 *libc.a:*(.progmem.data)
 *(.progmem*)
 .progmem.data._ZL4font
                0x000000f4      0x500 E:\igs_svn_data\PROJECT_02\02_FW\05_LEDModule\04_LEDonAduino\LEDController\ArduinoCore\Debug\libArduinoCore.a(Adafruit_GFX.o)
 .progmem.data.digital_pin_to_bit_mask_PGM
                0x000005f4       0x46 E:\igs_svn_data\PROJECT_02\02_FW\05_LEDModule\04_LEDonAduino\LEDController\ArduinoCore\Debug\libArduinoCore.a(wiring_digital.o)
                0x000005f4                digital_pin_to_bit_mask_PGM
 .progmem.data.digital_pin_to_port_PGM
                0x0000063a       0x46 E:\igs_svn_data\PROJECT_02\02_FW\05_LEDModule\04_LEDonAduino\LEDController\ArduinoCore\Debug\libArduinoCore.a(wiring_digital.o)
                0x0000063a                digital_pin_to_port_PGM
 .progmem.data.port_to_output_PGM
                0x00000680       0x1a E:\igs_svn_data\PROJECT_02\02_FW\05_LEDModule\04_LEDonAduino\LEDController\ArduinoCore\Debug\libArduinoCore.a(wiring_digital.o)
                0x00000680                port_to_output_PGM
 .progmem.data.port_to_mode_PGM
                0x0000069a       0x1a E:\igs_svn_data\PROJECT_02\02_FW\05_LEDModule\04_LEDonAduino\LEDController\ArduinoCore\Debug\libArduinoCore.a(wiring_digital.o)
                0x0000069a                port_to_mode_PGM
                0x000006b4                . = ALIGN (0x2)
 *(.jumptables)
 *(.jumptables*)
 *(.lowtext)
 *(.lowtext*)
                0x000006b4                __ctors_start = .
 *(.ctors)
 .ctors         0x000006b4        0x2 Sketch.o
 .ctors         0x000006b6        0x2 E:\igs_svn_data\PROJECT_02\02_FW\05_LEDModule\04_LEDonAduino\LEDController\ArduinoCore\Debug\libArduinoCore.a(HardwareSerial0.o)
                0x000006b8                __ctors_end = .
                0x000006b8                __dtors_start = .
 *(.dtors)
                0x000006b8                __dtors_end = .
 SORT(*)(.ctors)
 SORT(*)(.dtors)
 *(.init0)
 .init0         0x000006b8        0x0 C:/Program Files (x86)/Atmel/Studio/7.0/Packs/atmel/ATmega_DFP/1.2.132/gcc/dev/atmega2560/avr6/crtatmega2560.o
                0x000006b8                __init
 *(.init0)
 *(.init1)
 *(.init1)
 *(.init2)
 .init2         0x000006b8       0x10 C:/Program Files (x86)/Atmel/Studio/7.0/Packs/atmel/ATmega_DFP/1.2.132/gcc/dev/atmega2560/avr6/crtatmega2560.o
 *(.init2)
 *(.init3)
 *(.init3)
 *(.init4)
 .init4         0x000006c8       0x1a c:/program files (x86)/atmel/studio/7.0/toolchain/avr8/avr8-gnu-toolchain/bin/../lib/gcc/avr/5.4.0/avr6\libgcc.a(_copy_data.o)
                0x000006c8                __do_copy_data
 .init4         0x000006e2       0x10 c:/program files (x86)/atmel/studio/7.0/toolchain/avr8/avr8-gnu-toolchain/bin/../lib/gcc/avr/5.4.0/avr6\libgcc.a(_clear_bss.o)
                0x000006e2                __do_clear_bss
 *(.init4)
 *(.init5)
 *(.init5)
 *(.init6)
 .init6         0x000006f2       0x20 c:/program files (x86)/atmel/studio/7.0/toolchain/avr8/avr8-gnu-toolchain/bin/../lib/gcc/avr/5.4.0/avr6\libgcc.a(_ctors.o)
                0x000006f2                __do_global_ctors
 *(.init6)
 *(.init7)
 *(.init7)
 *(.init8)
 *(.init8)
 *(.init9)
 .init9         0x00000712        0x6 C:/Program Files (x86)/Atmel/Studio/7.0/Packs/atmel/ATmega_DFP/1.2.132/gcc/dev/atmega2560/avr6/crtatmega2560.o
 *(.init9)
 *(.text)
 .text          0x00000718        0x2 C:/Program Files (x86)/Atmel/Studio/7.0/Packs/atmel/ATmega_DFP/1.2.132/gcc/dev/atmega2560/avr6/crtatmega2560.o
                0x00000718                __vector_38
                0x00000718                __vector_22
                0x00000718                __vector_28
                0x00000718                __vector_1
                0x00000718                __vector_32
                0x00000718                __vector_34
                0x00000718                __vector_24
                0x00000718                __vector_12
                0x00000718                __vector_55
                0x00000718                __vector_46
                0x00000718                __bad_interrupt
                0x00000718                __vector_6
                0x00000718                __vector_31
                0x00000718                __vector_35
                0x00000718                __vector_39
                0x00000718                __vector_3
                0x00000718                __vector_30
                0x00000718                __vector_45
                0x00000718                __vector_11
                0x00000718                __vector_54
                0x00000718                __vector_13
                0x00000718                __vector_17
                0x00000718                __vector_19
                0x00000718                __vector_56
                0x00000718                __vector_7
                0x00000718                __vector_49
                0x00000718                __vector_41
                0x00000718                __vector_43
                0x00000718                __vector_27
                0x00000718                __vector_5
                0x00000718                __vector_33
                0x00000718                __vector_47
                0x00000718                __vector_52
                0x00000718                __vector_37
                0x00000718                __vector_4
                0x00000718                __vector_44
                0x00000718                __vector_51
                0x00000718                __vector_9
                0x00000718                __vector_2
                0x00000718                __vector_21
                0x00000718                __vector_15
                0x00000718                __vector_36
                0x00000718                __vector_29
                0x00000718                __vector_40
                0x00000718                __vector_8
                0x00000718                __vector_48
                0x00000718                __vector_14
                0x00000718                __vector_53
                0x00000718                __vector_10
                0x00000718                __vector_50
                0x00000718                __vector_16
                0x00000718                __vector_18
                0x00000718                __vector_42
                0x0000071a                . = ALIGN (0x2)
 *(.text.*)
 .text.setup    0x0000071a        0x6 Sketch.o
                0x0000071a                setup
 .text.startup._GLOBAL__sub_I_idx_x
                0x00000720       0x2a Sketch.o
 .text.loop     0x0000074a       0xa8 Sketch.o
                0x0000074a                loop
 .text.initVariant
                0x000007f2        0x2 E:\igs_svn_data\PROJECT_02\02_FW\05_LEDModule\04_LEDonAduino\LEDController\ArduinoCore\Debug\libArduinoCore.a(main.o)
                0x000007f2                initVariant
 .text.startup.main
                0x000007f4       0x16 E:\igs_svn_data\PROJECT_02\02_FW\05_LEDModule\04_LEDonAduino\LEDController\ArduinoCore\Debug\libArduinoCore.a(main.o)
                0x000007f4                main
 .text.__vector_23
                0x0000080a       0x94 E:\igs_svn_data\PROJECT_02\02_FW\05_LEDModule\04_LEDonAduino\LEDController\ArduinoCore\Debug\libArduinoCore.a(wiring.o)
                0x0000080a                __vector_23
 .text.micros   0x0000089e       0x4a E:\igs_svn_data\PROJECT_02\02_FW\05_LEDModule\04_LEDonAduino\LEDController\ArduinoCore\Debug\libArduinoCore.a(wiring.o)
                0x0000089e                micros
 .text.delay    0x000008e8       0x74 E:\igs_svn_data\PROJECT_02\02_FW\05_LEDModule\04_LEDonAduino\LEDController\ArduinoCore\Debug\libArduinoCore.a(wiring.o)
                0x000008e8                delay
 .text.init     0x0000095c       0xc4 E:\igs_svn_data\PROJECT_02\02_FW\05_LEDModule\04_LEDonAduino\LEDController\ArduinoCore\Debug\libArduinoCore.a(wiring.o)
                0x0000095c                init
 .text._ZN5Print17availableForWriteEv
                0x00000a20        0x6 E:\igs_svn_data\PROJECT_02\02_FW\05_LEDModule\04_LEDonAduino\LEDController\ArduinoCore\Debug\libArduinoCore.a(RGBmatrixPanel.o)
                0x00000a20                _ZN5Print17availableForWriteEv
 .text._ZN5Print5flushEv
                0x00000a26        0x2 E:\igs_svn_data\PROJECT_02\02_FW\05_LEDModule\04_LEDonAduino\LEDController\ArduinoCore\Debug\libArduinoCore.a(RGBmatrixPanel.o)
                0x00000a26                _ZN5Print5flushEv
 .text._ZN14RGBmatrixPanel9drawPixelEiij
                0x00000a28      0x26c E:\igs_svn_data\PROJECT_02\02_FW\05_LEDModule\04_LEDonAduino\LEDController\ArduinoCore\Debug\libArduinoCore.a(RGBmatrixPanel.o)
                0x00000a28                _ZN14RGBmatrixPanel9drawPixelEiij
 .text._ZN14RGBmatrixPanel4initEhhhhhhhbh
                0x00000c94      0x1de E:\igs_svn_data\PROJECT_02\02_FW\05_LEDModule\04_LEDonAduino\LEDController\ArduinoCore\Debug\libArduinoCore.a(RGBmatrixPanel.o)
                0x00000c94                _ZN14RGBmatrixPanel4initEhhhhhhhbh
 .text._ZN14RGBmatrixPanelC2Ehhhhhhb
                0x00000e72       0x5e E:\igs_svn_data\PROJECT_02\02_FW\05_LEDModule\04_LEDonAduino\LEDController\ArduinoCore\Debug\libArduinoCore.a(RGBmatrixPanel.o)
                0x00000e72                _ZN14RGBmatrixPanelC2Ehhhhhhb
                0x00000e72                _ZN14RGBmatrixPanelC1Ehhhhhhb
 .text._ZN14RGBmatrixPanel5beginEv
                0x00000ed0       0xf6 E:\igs_svn_data\PROJECT_02\02_FW\05_LEDModule\04_LEDonAduino\LEDController\ArduinoCore\Debug\libArduinoCore.a(RGBmatrixPanel.o)
                0x00000ed0                _ZN14RGBmatrixPanel5beginEv
 .text._ZN14RGBmatrixPanel8Color333Ehhh
                0x00000fc6       0x50 E:\igs_svn_data\PROJECT_02\02_FW\05_LEDModule\04_LEDonAduino\LEDController\ArduinoCore\Debug\libArduinoCore.a(RGBmatrixPanel.o)
                0x00000fc6                _ZN14RGBmatrixPanel8Color333Ehhh
 .text._ZN14RGBmatrixPanel13updateDisplayEv
                0x00001016      0x768 E:\igs_svn_data\PROJECT_02\02_FW\05_LEDModule\04_LEDonAduino\LEDController\ArduinoCore\Debug\libArduinoCore.a(RGBmatrixPanel.o)
                0x00001016                _ZN14RGBmatrixPanel13updateDisplayEv
 .text.__vector_20
                0x0000177e       0x5a E:\igs_svn_data\PROJECT_02\02_FW\05_LEDModule\04_LEDonAduino\LEDController\ArduinoCore\Debug\libArduinoCore.a(RGBmatrixPanel.o)
                0x0000177e                __vector_20
 .text._ZN14RGBmatrixPanel10fillScreenEj
                0x000017d8       0x4a E:\igs_svn_data\PROJECT_02\02_FW\05_LEDModule\04_LEDonAduino\LEDController\ArduinoCore\Debug\libArduinoCore.a(RGBmatrixPanel.o)
                0x000017d8                _ZN14RGBmatrixPanel10fillScreenEj
 .text._ZN12Adafruit_GFX9writeLineEiiiij
                0x00001822      0x162 E:\igs_svn_data\PROJECT_02\02_FW\05_LEDModule\04_LEDonAduino\LEDController\ArduinoCore\Debug\libArduinoCore.a(Adafruit_GFX.o)
                0x00001822                _ZN12Adafruit_GFX9writeLineEiiiij
 .text._ZN12Adafruit_GFX10writePixelEiij
                0x00001984        0xe E:\igs_svn_data\PROJECT_02\02_FW\05_LEDModule\04_LEDonAduino\LEDController\ArduinoCore\Debug\libArduinoCore.a(Adafruit_GFX.o)
                0x00001984                _ZN12Adafruit_GFX10writePixelEiij
 .text._ZN12Adafruit_GFX14writeFastVLineEiiij
                0x00001992       0x18 E:\igs_svn_data\PROJECT_02\02_FW\05_LEDModule\04_LEDonAduino\LEDController\ArduinoCore\Debug\libArduinoCore.a(Adafruit_GFX.o)
                0x00001992                _ZN12Adafruit_GFX14writeFastVLineEiiij
 .text._ZN12Adafruit_GFX14writeFastHLineEiiij
                0x000019aa       0x18 E:\igs_svn_data\PROJECT_02\02_FW\05_LEDModule\04_LEDonAduino\LEDController\ArduinoCore\Debug\libArduinoCore.a(Adafruit_GFX.o)
                0x000019aa                _ZN12Adafruit_GFX14writeFastHLineEiiij
 .text._ZN12Adafruit_GFX13writeFillRectEiiiij
                0x000019c2       0x20 E:\igs_svn_data\PROJECT_02\02_FW\05_LEDModule\04_LEDonAduino\LEDController\ArduinoCore\Debug\libArduinoCore.a(Adafruit_GFX.o)
                0x000019c2                _ZN12Adafruit_GFX13writeFillRectEiiiij
 .text._ZN12Adafruit_GFX8endWriteEv
                0x000019e2        0x2 E:\igs_svn_data\PROJECT_02\02_FW\05_LEDModule\04_LEDonAduino\LEDController\ArduinoCore\Debug\libArduinoCore.a(Adafruit_GFX.o)
                0x000019e2                _ZN12Adafruit_GFX10startWriteEv
                0x000019e2                _ZN12Adafruit_GFX8endWriteEv
 .text._ZN12Adafruit_GFX13drawFastVLineEiiij
                0x000019e4       0x72 E:\igs_svn_data\PROJECT_02\02_FW\05_LEDModule\04_LEDonAduino\LEDController\ArduinoCore\Debug\libArduinoCore.a(Adafruit_GFX.o)
                0x000019e4                _ZN12Adafruit_GFX13drawFastVLineEiiij
 .text._ZN12Adafruit_GFX13drawFastHLineEiiij
                0x00001a56       0x72 E:\igs_svn_data\PROJECT_02\02_FW\05_LEDModule\04_LEDonAduino\LEDController\ArduinoCore\Debug\libArduinoCore.a(Adafruit_GFX.o)
                0x00001a56                _ZN12Adafruit_GFX13drawFastHLineEiiij
 .text._ZN12Adafruit_GFX8fillRectEiiiij
                0x00001ac8       0x8a E:\igs_svn_data\PROJECT_02\02_FW\05_LEDModule\04_LEDonAduino\LEDController\ArduinoCore\Debug\libArduinoCore.a(Adafruit_GFX.o)
                0x00001ac8                _ZN12Adafruit_GFX8fillRectEiiiij
 .text._ZN12Adafruit_GFX10fillScreenEj
                0x00001b52       0x3a E:\igs_svn_data\PROJECT_02\02_FW\05_LEDModule\04_LEDonAduino\LEDController\ArduinoCore\Debug\libArduinoCore.a(Adafruit_GFX.o)
                0x00001b52                _ZN12Adafruit_GFX10fillScreenEj
 .text._ZN12Adafruit_GFX8drawLineEiiiij
                0x00001b8c       0xda E:\igs_svn_data\PROJECT_02\02_FW\05_LEDModule\04_LEDonAduino\LEDController\ArduinoCore\Debug\libArduinoCore.a(Adafruit_GFX.o)
                0x00001b8c                _ZN12Adafruit_GFX8drawLineEiiiij
 .text._ZN12Adafruit_GFX8drawRectEiiiij
                0x00001c66       0xbe E:\igs_svn_data\PROJECT_02\02_FW\05_LEDModule\04_LEDonAduino\LEDController\ArduinoCore\Debug\libArduinoCore.a(Adafruit_GFX.o)
                0x00001c66                _ZN12Adafruit_GFX8drawRectEiiiij
 .text._ZN12Adafruit_GFX13invertDisplayEb
                0x00001d24        0x2 E:\igs_svn_data\PROJECT_02\02_FW\05_LEDModule\04_LEDonAduino\LEDController\ArduinoCore\Debug\libArduinoCore.a(Adafruit_GFX.o)
                0x00001d24                _ZN12Adafruit_GFX13invertDisplayEb
 .text._ZN12Adafruit_GFX11setRotationEh
                0x00001d26       0x2a E:\igs_svn_data\PROJECT_02\02_FW\05_LEDModule\04_LEDonAduino\LEDController\ArduinoCore\Debug\libArduinoCore.a(Adafruit_GFX.o)
                0x00001d26                _ZN12Adafruit_GFX11setRotationEh
 .text._ZN12Adafruit_GFXC2Eii
                0x00001d50       0x42 E:\igs_svn_data\PROJECT_02\02_FW\05_LEDModule\04_LEDonAduino\LEDController\ArduinoCore\Debug\libArduinoCore.a(Adafruit_GFX.o)
                0x00001d50                _ZN12Adafruit_GFXC2Eii
                0x00001d50                _ZN12Adafruit_GFXC1Eii
 .text._ZN12Adafruit_GFX8drawCharEiihjjh
                0x00001d92      0x434 E:\igs_svn_data\PROJECT_02\02_FW\05_LEDModule\04_LEDonAduino\LEDController\ArduinoCore\Debug\libArduinoCore.a(Adafruit_GFX.o)
                0x00001d92                _ZN12Adafruit_GFX8drawCharEiihjjh
 .text._ZN12Adafruit_GFX5writeEh
                0x000021c6      0x1a8 E:\igs_svn_data\PROJECT_02\02_FW\05_LEDModule\04_LEDonAduino\LEDController\ArduinoCore\Debug\libArduinoCore.a(Adafruit_GFX.o)
                0x000021c6                _ZN12Adafruit_GFX5writeEh
 .text.__cxa_pure_virtual
                0x0000236e        0x2 E:\igs_svn_data\PROJECT_02\02_FW\05_LEDModule\04_LEDonAduino\LEDController\ArduinoCore\Debug\libArduinoCore.a(abi.o)
                0x0000236e                __cxa_pure_virtual
 .text._ZN14HardwareSerial9availableEv
                0x00002370       0x18 E:\igs_svn_data\PROJECT_02\02_FW\05_LEDModule\04_LEDonAduino\LEDController\ArduinoCore\Debug\libArduinoCore.a(HardwareSerial.o)
                0x00002370                _ZN14HardwareSerial9availableEv
 .text._ZN14HardwareSerial4peekEv
                0x00002388       0x1c E:\igs_svn_data\PROJECT_02\02_FW\05_LEDModule\04_LEDonAduino\LEDController\ArduinoCore\Debug\libArduinoCore.a(HardwareSerial.o)
                0x00002388                _ZN14HardwareSerial4peekEv
 .text._ZN14HardwareSerial4readEv
                0x000023a4       0x28 E:\igs_svn_data\PROJECT_02\02_FW\05_LEDModule\04_LEDonAduino\LEDController\ArduinoCore\Debug\libArduinoCore.a(HardwareSerial.o)
                0x000023a4                _ZN14HardwareSerial4readEv
 .text._ZN14HardwareSerial17availableForWriteEv
                0x000023cc       0x1e E:\igs_svn_data\PROJECT_02\02_FW\05_LEDModule\04_LEDonAduino\LEDController\ArduinoCore\Debug\libArduinoCore.a(HardwareSerial.o)
                0x000023cc                _ZN14HardwareSerial17availableForWriteEv
 .text._Z14serialEventRunv
                0x000023ea       0x78 E:\igs_svn_data\PROJECT_02\02_FW\05_LEDModule\04_LEDonAduino\LEDController\ArduinoCore\Debug\libArduinoCore.a(HardwareSerial.o)
                0x000023ea                _Z14serialEventRunv
 .text._ZN14HardwareSerial17_tx_udr_empty_irqEv
                0x00002462       0x42 E:\igs_svn_data\PROJECT_02\02_FW\05_LEDModule\04_LEDonAduino\LEDController\ArduinoCore\Debug\libArduinoCore.a(HardwareSerial.o)
                0x00002462                _ZN14HardwareSerial17_tx_udr_empty_irqEv
 .text._ZN14HardwareSerial5writeEh
                0x000024a4       0x8c E:\igs_svn_data\PROJECT_02\02_FW\05_LEDModule\04_LEDonAduino\LEDController\ArduinoCore\Debug\libArduinoCore.a(HardwareSerial.o)
                0x000024a4                _ZN14HardwareSerial5writeEh
 .text._ZN14HardwareSerial5flushEv
                0x00002530       0x42 E:\igs_svn_data\PROJECT_02\02_FW\05_LEDModule\04_LEDonAduino\LEDController\ArduinoCore\Debug\libArduinoCore.a(HardwareSerial.o)
                0x00002530                _ZN14HardwareSerial5flushEv
 .text.__vector_25
                0x00002572       0x6c E:\igs_svn_data\PROJECT_02\02_FW\05_LEDModule\04_LEDonAduino\LEDController\ArduinoCore\Debug\libArduinoCore.a(HardwareSerial0.o)
                0x00002572                __vector_25
 .text.__vector_26
                0x000025de       0x52 E:\igs_svn_data\PROJECT_02\02_FW\05_LEDModule\04_LEDonAduino\LEDController\ArduinoCore\Debug\libArduinoCore.a(HardwareSerial0.o)
                0x000025de                __vector_26
 .text._Z17Serial0_availablev
                0x00002630       0x12 E:\igs_svn_data\PROJECT_02\02_FW\05_LEDModule\04_LEDonAduino\LEDController\ArduinoCore\Debug\libArduinoCore.a(HardwareSerial0.o)
                0x00002630                _Z17Serial0_availablev
 .text.startup._GLOBAL__sub_I___vector_25
                0x00002642       0x5a E:\igs_svn_data\PROJECT_02\02_FW\05_LEDModule\04_LEDonAduino\LEDController\ArduinoCore\Debug\libArduinoCore.a(HardwareSerial0.o)
 .text.__empty  0x0000269c        0x2 E:\igs_svn_data\PROJECT_02\02_FW\05_LEDModule\04_LEDonAduino\LEDController\ArduinoCore\Debug\libArduinoCore.a(hooks.o)
                0x0000269c                yield
 .text._ZN5Print5writeEPKhj
                0x0000269e       0x54 E:\igs_svn_data\PROJECT_02\02_FW\05_LEDModule\04_LEDonAduino\LEDController\ArduinoCore\Debug\libArduinoCore.a(Print.o)
                0x0000269e                _ZN5Print5writeEPKhj
 .text.pinMode  0x000026f2       0x78 E:\igs_svn_data\PROJECT_02\02_FW\05_LEDModule\04_LEDonAduino\LEDController\ArduinoCore\Debug\libArduinoCore.a(wiring_digital.o)
                0x000026f2                pinMode
 .text.libgcc   0x0000276a       0x10 c:/program files (x86)/atmel/studio/7.0/toolchain/avr8/avr8-gnu-toolchain/bin/../lib/gcc/avr/5.4.0/avr6\libgcc.a(_tablejump2.o)
                0x0000276a                __tablejump2__
 .text.avr-libc
                0x0000277a      0x242 c:/program files (x86)/atmel/studio/7.0/toolchain/avr8/avr8-gnu-toolchain/bin/../lib/gcc/avr/5.4.0/../../../../avr/lib/avr6\libc.a(malloc.o)
                0x0000277a                malloc
                0x000028aa                free
 .text.avr-libc
                0x000029bc        0x8 c:/program files (x86)/atmel/studio/7.0/toolchain/avr8/avr8-gnu-toolchain/bin/../lib/gcc/avr/5.4.0/../../../../avr/lib/avr6\libc.a(abort.o)
                0x000029bc                abort
 .text.avr-libc
                0x000029c4        0xe c:/program files (x86)/atmel/studio/7.0/toolchain/avr8/avr8-gnu-toolchain/bin/../lib/gcc/avr/5.4.0/../../../../avr/lib/avr6\libc.a(memset.o)
                0x000029c4                memset
                0x000029d2                . = ALIGN (0x2)
 *(.fini9)
 .fini9         0x000029d2        0x0 c:/program files (x86)/atmel/studio/7.0/toolchain/avr8/avr8-gnu-toolchain/bin/../lib/gcc/avr/5.4.0/avr6\libgcc.a(_exit.o)
                0x000029d2                _exit
                0x000029d2                exit
 *(.fini9)
 *(.fini8)
 *(.fini8)
 *(.fini7)
 *(.fini7)
 *(.fini6)
 *(.fini6)
 *(.fini5)
 *(.fini5)
 *(.fini4)
 *(.fini4)
 *(.fini3)
 *(.fini3)
 *(.fini2)
 *(.fini2)
 *(.fini1)
 *(.fini1)
 *(.fini0)
 .fini0         0x000029d2        0x4 c:/program files (x86)/atmel/studio/7.0/toolchain/avr8/avr8-gnu-toolchain/bin/../lib/gcc/avr/5.4.0/avr6\libgcc.a(_exit.o)
 *(.fini0)
                0x000029d6                _etext = .

.data           0x00800200       0x70 load address 0x000029d6
                0x00800200                PROVIDE (__data_start, .)
 *(.data)
 .data          0x00800200        0x6 c:/program files (x86)/atmel/studio/7.0/toolchain/avr8/avr8-gnu-toolchain/bin/../lib/gcc/avr/5.4.0/../../../../avr/lib/avr6\libc.a(malloc.o)
                0x00800200                __malloc_heap_end
                0x00800202                __malloc_heap_start
                0x00800204                __malloc_margin
 *(.data*)
 *(.rodata)
 *(.rodata*)
 .rodata._ZTV14RGBmatrixPanel
                0x00800206       0x2c E:\igs_svn_data\PROJECT_02\02_FW\05_LEDModule\04_LEDonAduino\LEDController\ArduinoCore\Debug\libArduinoCore.a(RGBmatrixPanel.o)
                0x00800206                _ZTV14RGBmatrixPanel
 .rodata._ZTV12Adafruit_GFX
                0x00800232       0x2c E:\igs_svn_data\PROJECT_02\02_FW\05_LEDModule\04_LEDonAduino\LEDController\ArduinoCore\Debug\libArduinoCore.a(Adafruit_GFX.o)
                0x00800232                _ZTV12Adafruit_GFX
 .rodata._ZTV14HardwareSerial
                0x0080025e       0x12 E:\igs_svn_data\PROJECT_02\02_FW\05_LEDModule\04_LEDonAduino\LEDController\ArduinoCore\Debug\libArduinoCore.a(HardwareSerial.o)
                0x0080025e                _ZTV14HardwareSerial
 *(.gnu.linkonce.d*)
                0x00800270                . = ALIGN (0x2)
                0x00800270                _edata = .
                0x00800270                PROVIDE (__data_end, .)

.bss            0x00800270       0xee
                0x00800270                PROVIDE (__bss_start, .)
 *(.bss)
 *(.bss*)
 .bss.cidx      0x00800270        0x1 Sketch.o
                0x00800270                cidx
 .bss.matrix    0x00800271       0x3f Sketch.o
                0x00800271                matrix
 .bss.idx_y     0x008002b0        0x1 Sketch.o
                0x008002b0                idx_y
 .bss.idx_x     0x008002b1        0x1 Sketch.o
                0x008002b1                idx_x
 .bss.timer0_fract
                0x008002b2        0x1 E:\igs_svn_data\PROJECT_02\02_FW\05_LEDModule\04_LEDonAduino\LEDController\ArduinoCore\Debug\libArduinoCore.a(wiring.o)
 .bss.timer0_millis
                0x008002b3        0x4 E:\igs_svn_data\PROJECT_02\02_FW\05_LEDModule\04_LEDonAduino\LEDController\ArduinoCore\Debug\libArduinoCore.a(wiring.o)
                0x008002b3                timer0_millis
 .bss.timer0_overflow_count
                0x008002b7        0x4 E:\igs_svn_data\PROJECT_02\02_FW\05_LEDModule\04_LEDonAduino\LEDController\ArduinoCore\Debug\libArduinoCore.a(wiring.o)
                0x008002b7                timer0_overflow_count
 .bss._ZL11activePanel
                0x008002bb        0x2 E:\igs_svn_data\PROJECT_02\02_FW\05_LEDModule\04_LEDonAduino\LEDController\ArduinoCore\Debug\libArduinoCore.a(RGBmatrixPanel.o)
 .bss.Serial    0x008002bd       0x9d E:\igs_svn_data\PROJECT_02\02_FW\05_LEDModule\04_LEDonAduino\LEDController\ArduinoCore\Debug\libArduinoCore.a(HardwareSerial0.o)
                0x008002bd                Serial
 *(COMMON)
 COMMON         0x0080035a        0x4 c:/program files (x86)/atmel/studio/7.0/toolchain/avr8/avr8-gnu-toolchain/bin/../lib/gcc/avr/5.4.0/../../../../avr/lib/avr6\libc.a(malloc.o)
                0x0080035a                __brkval
                0x0080035c                __flp
                0x0080035e                PROVIDE (__bss_end, .)
                0x000029d6                __data_load_start = LOADADDR (.data)
                0x00002a46                __data_load_end = (__data_load_start + SIZEOF (.data))

.noinit         0x0080035e        0x0
                [!provide]                PROVIDE (__noinit_start, .)
 *(.noinit*)
                [!provide]                PROVIDE (__noinit_end, .)
                0x0080035e                _end = .
                0x0080035e                PROVIDE (__heap_start, .)

.eeprom         0x00810000        0x0
 *(.eeprom*)
                0x00810000                __eeprom_end = .

.fuse
 *(.fuse)
 *(.lfuse)
 *(.hfuse)
 *(.efuse)

.lock
 *(.lock*)

.signature
 *(.signature*)

.user_signatures
 *(.user_signatures*)

.stab
 *(.stab)

.stabstr
 *(.stabstr)

.stab.excl
 *(.stab.excl)

.stab.exclstr
 *(.stab.exclstr)

.stab.index
 *(.stab.index)

.stab.indexstr
 *(.stab.indexstr)

.comment        0x00000000       0x30
 *(.comment)
 .comment       0x00000000       0x30 Sketch.o
                                 0x31 (size before relaxing)
 .comment       0x00000030       0x31 E:\igs_svn_data\PROJECT_02\02_FW\05_LEDModule\04_LEDonAduino\LEDController\ArduinoCore\Debug\libArduinoCore.a(main.o)
 .comment       0x00000030       0x31 E:\igs_svn_data\PROJECT_02\02_FW\05_LEDModule\04_LEDonAduino\LEDController\ArduinoCore\Debug\libArduinoCore.a(wiring.o)
 .comment       0x00000030       0x31 E:\igs_svn_data\PROJECT_02\02_FW\05_LEDModule\04_LEDonAduino\LEDController\ArduinoCore\Debug\libArduinoCore.a(RGBmatrixPanel.o)
 .comment       0x00000030       0x31 E:\igs_svn_data\PROJECT_02\02_FW\05_LEDModule\04_LEDonAduino\LEDController\ArduinoCore\Debug\libArduinoCore.a(Adafruit_GFX.o)
 .comment       0x00000030       0x31 E:\igs_svn_data\PROJECT_02\02_FW\05_LEDModule\04_LEDonAduino\LEDController\ArduinoCore\Debug\libArduinoCore.a(abi.o)
 .comment       0x00000030       0x31 E:\igs_svn_data\PROJECT_02\02_FW\05_LEDModule\04_LEDonAduino\LEDController\ArduinoCore\Debug\libArduinoCore.a(HardwareSerial.o)
 .comment       0x00000030       0x31 E:\igs_svn_data\PROJECT_02\02_FW\05_LEDModule\04_LEDonAduino\LEDController\ArduinoCore\Debug\libArduinoCore.a(HardwareSerial0.o)
 .comment       0x00000030       0x31 E:\igs_svn_data\PROJECT_02\02_FW\05_LEDModule\04_LEDonAduino\LEDController\ArduinoCore\Debug\libArduinoCore.a(hooks.o)
 .comment       0x00000030       0x31 E:\igs_svn_data\PROJECT_02\02_FW\05_LEDModule\04_LEDonAduino\LEDController\ArduinoCore\Debug\libArduinoCore.a(Print.o)
 .comment       0x00000030       0x31 E:\igs_svn_data\PROJECT_02\02_FW\05_LEDModule\04_LEDonAduino\LEDController\ArduinoCore\Debug\libArduinoCore.a(wiring_digital.o)
 .comment       0x00000030       0x31 c:/program files (x86)/atmel/studio/7.0/toolchain/avr8/avr8-gnu-toolchain/bin/../lib/gcc/avr/5.4.0/../../../../avr/lib/avr6\libc.a(malloc.o)

.note.gnu.avr.deviceinfo
                0x00000000       0x40
 .note.gnu.avr.deviceinfo
                0x00000000       0x40 C:/Program Files (x86)/Atmel/Studio/7.0/Packs/atmel/ATmega_DFP/1.2.132/gcc/dev/atmega2560/avr6/crtatmega2560.o

.note.gnu.build-id
 *(.note.gnu.build-id)

.debug
 *(.debug)

.line
 *(.line)

.debug_srcinfo
 *(.debug_srcinfo)

.debug_sfnames
 *(.debug_sfnames)

.debug_aranges  0x00000000      0x600
 *(.debug_aranges)
 .debug_aranges
                0x00000000       0x30 Sketch.o
 .debug_aranges
                0x00000030       0x30 E:\igs_svn_data\PROJECT_02\02_FW\05_LEDModule\04_LEDonAduino\LEDController\ArduinoCore\Debug\libArduinoCore.a(main.o)
 .debug_aranges
                0x00000060       0x48 E:\igs_svn_data\PROJECT_02\02_FW\05_LEDModule\04_LEDonAduino\LEDController\ArduinoCore\Debug\libArduinoCore.a(wiring.o)
 .debug_aranges
                0x000000a8       0x98 E:\igs_svn_data\PROJECT_02\02_FW\05_LEDModule\04_LEDonAduino\LEDController\ArduinoCore\Debug\libArduinoCore.a(RGBmatrixPanel.o)
 .debug_aranges
                0x00000140      0x298 E:\igs_svn_data\PROJECT_02\02_FW\05_LEDModule\04_LEDonAduino\LEDController\ArduinoCore\Debug\libArduinoCore.a(Adafruit_GFX.o)
 .debug_aranges
                0x000003d8       0x20 E:\igs_svn_data\PROJECT_02\02_FW\05_LEDModule\04_LEDonAduino\LEDController\ArduinoCore\Debug\libArduinoCore.a(abi.o)
 .debug_aranges
                0x000003f8       0x68 E:\igs_svn_data\PROJECT_02\02_FW\05_LEDModule\04_LEDonAduino\LEDController\ArduinoCore\Debug\libArduinoCore.a(HardwareSerial.o)
 .debug_aranges
                0x00000460       0x48 E:\igs_svn_data\PROJECT_02\02_FW\05_LEDModule\04_LEDonAduino\LEDController\ArduinoCore\Debug\libArduinoCore.a(HardwareSerial0.o)
 .debug_aranges
                0x000004a8       0x20 E:\igs_svn_data\PROJECT_02\02_FW\05_LEDModule\04_LEDonAduino\LEDController\ArduinoCore\Debug\libArduinoCore.a(hooks.o)
 .debug_aranges
                0x000004c8      0x100 E:\igs_svn_data\PROJECT_02\02_FW\05_LEDModule\04_LEDonAduino\LEDController\ArduinoCore\Debug\libArduinoCore.a(Print.o)
 .debug_aranges
                0x000005c8       0x38 E:\igs_svn_data\PROJECT_02\02_FW\05_LEDModule\04_LEDonAduino\LEDController\ArduinoCore\Debug\libArduinoCore.a(wiring_digital.o)

.debug_pubnames
 *(.debug_pubnames)

.debug_info     0x00000000     0xf7f0
 *(.debug_info .gnu.linkonce.wi.*)
 .debug_info    0x00000000      0xbbc C:/Program Files (x86)/Atmel/Studio/7.0/Packs/atmel/ATmega_DFP/1.2.132/gcc/dev/atmega2560/avr6/crtatmega2560.o
 .debug_info    0x00000bbc      0x395 Sketch.o
 .debug_info    0x00000f51      0x295 E:\igs_svn_data\PROJECT_02\02_FW\05_LEDModule\04_LEDonAduino\LEDController\ArduinoCore\Debug\libArduinoCore.a(main.o)
 .debug_info    0x000011e6      0x329 E:\igs_svn_data\PROJECT_02\02_FW\05_LEDModule\04_LEDonAduino\LEDController\ArduinoCore\Debug\libArduinoCore.a(wiring.o)
 .debug_info    0x0000150f     0x1610 E:\igs_svn_data\PROJECT_02\02_FW\05_LEDModule\04_LEDonAduino\LEDController\ArduinoCore\Debug\libArduinoCore.a(RGBmatrixPanel.o)
 .debug_info    0x00002b1f     0x618f E:\igs_svn_data\PROJECT_02\02_FW\05_LEDModule\04_LEDonAduino\LEDController\ArduinoCore\Debug\libArduinoCore.a(Adafruit_GFX.o)
 .debug_info    0x00008cae       0x76 E:\igs_svn_data\PROJECT_02\02_FW\05_LEDModule\04_LEDonAduino\LEDController\ArduinoCore\Debug\libArduinoCore.a(abi.o)
 .debug_info    0x00008d24     0x1f83 E:\igs_svn_data\PROJECT_02\02_FW\05_LEDModule\04_LEDonAduino\LEDController\ArduinoCore\Debug\libArduinoCore.a(HardwareSerial.o)
 .debug_info    0x0000aca7     0x1b74 E:\igs_svn_data\PROJECT_02\02_FW\05_LEDModule\04_LEDonAduino\LEDController\ArduinoCore\Debug\libArduinoCore.a(HardwareSerial0.o)
 .debug_info    0x0000c81b       0x3e E:\igs_svn_data\PROJECT_02\02_FW\05_LEDModule\04_LEDonAduino\LEDController\ArduinoCore\Debug\libArduinoCore.a(hooks.o)
 .debug_info    0x0000c859     0x295d E:\igs_svn_data\PROJECT_02\02_FW\05_LEDModule\04_LEDonAduino\LEDController\ArduinoCore\Debug\libArduinoCore.a(Print.o)
 .debug_info    0x0000f1b6      0x63a E:\igs_svn_data\PROJECT_02\02_FW\05_LEDModule\04_LEDonAduino\LEDController\ArduinoCore\Debug\libArduinoCore.a(wiring_digital.o)

.debug_abbrev   0x00000000     0x273b
 *(.debug_abbrev)
 .debug_abbrev  0x00000000      0xb1a C:/Program Files (x86)/Atmel/Studio/7.0/Packs/atmel/ATmega_DFP/1.2.132/gcc/dev/atmega2560/avr6/crtatmega2560.o
 .debug_abbrev  0x00000b1a      0x15b Sketch.o
 .debug_abbrev  0x00000c75      0x12d E:\igs_svn_data\PROJECT_02\02_FW\05_LEDModule\04_LEDonAduino\LEDController\ArduinoCore\Debug\libArduinoCore.a(main.o)
 .debug_abbrev  0x00000da2      0x146 E:\igs_svn_data\PROJECT_02\02_FW\05_LEDModule\04_LEDonAduino\LEDController\ArduinoCore\Debug\libArduinoCore.a(wiring.o)
 .debug_abbrev  0x00000ee8      0x48d E:\igs_svn_data\PROJECT_02\02_FW\05_LEDModule\04_LEDonAduino\LEDController\ArduinoCore\Debug\libArduinoCore.a(RGBmatrixPanel.o)
 .debug_abbrev  0x00001375      0x55b E:\igs_svn_data\PROJECT_02\02_FW\05_LEDModule\04_LEDonAduino\LEDController\ArduinoCore\Debug\libArduinoCore.a(Adafruit_GFX.o)
 .debug_abbrev  0x000018d0       0x6d E:\igs_svn_data\PROJECT_02\02_FW\05_LEDModule\04_LEDonAduino\LEDController\ArduinoCore\Debug\libArduinoCore.a(abi.o)
 .debug_abbrev  0x0000193d      0x432 E:\igs_svn_data\PROJECT_02\02_FW\05_LEDModule\04_LEDonAduino\LEDController\ArduinoCore\Debug\libArduinoCore.a(HardwareSerial.o)
 .debug_abbrev  0x00001d6f      0x3ce E:\igs_svn_data\PROJECT_02\02_FW\05_LEDModule\04_LEDonAduino\LEDController\ArduinoCore\Debug\libArduinoCore.a(HardwareSerial0.o)
 .debug_abbrev  0x0000213d       0x2a E:\igs_svn_data\PROJECT_02\02_FW\05_LEDModule\04_LEDonAduino\LEDController\ArduinoCore\Debug\libArduinoCore.a(hooks.o)
 .debug_abbrev  0x00002167      0x47a E:\igs_svn_data\PROJECT_02\02_FW\05_LEDModule\04_LEDonAduino\LEDController\ArduinoCore\Debug\libArduinoCore.a(Print.o)
 .debug_abbrev  0x000025e1      0x15a E:\igs_svn_data\PROJECT_02\02_FW\05_LEDModule\04_LEDonAduino\LEDController\ArduinoCore\Debug\libArduinoCore.a(wiring_digital.o)

.debug_line     0x00000000     0x3fd1
 *(.debug_line .debug_line.* .debug_line_end)
 .debug_line    0x00000000      0x1f9 C:/Program Files (x86)/Atmel/Studio/7.0/Packs/atmel/ATmega_DFP/1.2.132/gcc/dev/atmega2560/avr6/crtatmega2560.o
 .debug_line    0x000001f9      0x1fd Sketch.o
 .debug_line    0x000003f6      0x161 E:\igs_svn_data\PROJECT_02\02_FW\05_LEDModule\04_LEDonAduino\LEDController\ArduinoCore\Debug\libArduinoCore.a(main.o)
 .debug_line    0x00000557      0x2cb E:\igs_svn_data\PROJECT_02\02_FW\05_LEDModule\04_LEDonAduino\LEDController\ArduinoCore\Debug\libArduinoCore.a(wiring.o)
 .debug_line    0x00000822      0x93a E:\igs_svn_data\PROJECT_02\02_FW\05_LEDModule\04_LEDonAduino\LEDController\ArduinoCore\Debug\libArduinoCore.a(RGBmatrixPanel.o)
 .debug_line    0x0000115c     0x1d75 E:\igs_svn_data\PROJECT_02\02_FW\05_LEDModule\04_LEDonAduino\LEDController\ArduinoCore\Debug\libArduinoCore.a(Adafruit_GFX.o)
 .debug_line    0x00002ed1       0xa9 E:\igs_svn_data\PROJECT_02\02_FW\05_LEDModule\04_LEDonAduino\LEDController\ArduinoCore\Debug\libArduinoCore.a(abi.o)
 .debug_line    0x00002f7a      0x489 E:\igs_svn_data\PROJECT_02\02_FW\05_LEDModule\04_LEDonAduino\LEDController\ArduinoCore\Debug\libArduinoCore.a(HardwareSerial.o)
 .debug_line    0x00003403      0x288 E:\igs_svn_data\PROJECT_02\02_FW\05_LEDModule\04_LEDonAduino\LEDController\ArduinoCore\Debug\libArduinoCore.a(HardwareSerial0.o)
 .debug_line    0x0000368b       0x41 E:\igs_svn_data\PROJECT_02\02_FW\05_LEDModule\04_LEDonAduino\LEDController\ArduinoCore\Debug\libArduinoCore.a(hooks.o)
 .debug_line    0x000036cc      0x681 E:\igs_svn_data\PROJECT_02\02_FW\05_LEDModule\04_LEDonAduino\LEDController\ArduinoCore\Debug\libArduinoCore.a(Print.o)
 .debug_line    0x00003d4d      0x284 E:\igs_svn_data\PROJECT_02\02_FW\05_LEDModule\04_LEDonAduino\LEDController\ArduinoCore\Debug\libArduinoCore.a(wiring_digital.o)

.debug_frame    0x00000000     0x1c80
 *(.debug_frame)
 .debug_frame   0x00000000       0x58 Sketch.o
 .debug_frame   0x00000058       0x54 E:\igs_svn_data\PROJECT_02\02_FW\05_LEDModule\04_LEDonAduino\LEDController\ArduinoCore\Debug\libArduinoCore.a(main.o)
 .debug_frame   0x000000ac       0xc4 E:\igs_svn_data\PROJECT_02\02_FW\05_LEDModule\04_LEDonAduino\LEDController\ArduinoCore\Debug\libArduinoCore.a(wiring.o)
 .debug_frame   0x00000170      0x2c0 E:\igs_svn_data\PROJECT_02\02_FW\05_LEDModule\04_LEDonAduino\LEDController\ArduinoCore\Debug\libArduinoCore.a(RGBmatrixPanel.o)
 .debug_frame   0x00000430     0x11e0 E:\igs_svn_data\PROJECT_02\02_FW\05_LEDModule\04_LEDonAduino\LEDController\ArduinoCore\Debug\libArduinoCore.a(Adafruit_GFX.o)
 .debug_frame   0x00001610       0x34 E:\igs_svn_data\PROJECT_02\02_FW\05_LEDModule\04_LEDonAduino\LEDController\ArduinoCore\Debug\libArduinoCore.a(abi.o)
 .debug_frame   0x00001644      0x110 E:\igs_svn_data\PROJECT_02\02_FW\05_LEDModule\04_LEDonAduino\LEDController\ArduinoCore\Debug\libArduinoCore.a(HardwareSerial.o)
 .debug_frame   0x00001754       0xe0 E:\igs_svn_data\PROJECT_02\02_FW\05_LEDModule\04_LEDonAduino\LEDController\ArduinoCore\Debug\libArduinoCore.a(HardwareSerial0.o)
 .debug_frame   0x00001834       0x24 E:\igs_svn_data\PROJECT_02\02_FW\05_LEDModule\04_LEDonAduino\LEDController\ArduinoCore\Debug\libArduinoCore.a(hooks.o)
 .debug_frame   0x00001858      0x3ac E:\igs_svn_data\PROJECT_02\02_FW\05_LEDModule\04_LEDonAduino\LEDController\ArduinoCore\Debug\libArduinoCore.a(Print.o)
 .debug_frame   0x00001c04       0x7c E:\igs_svn_data\PROJECT_02\02_FW\05_LEDModule\04_LEDonAduino\LEDController\ArduinoCore\Debug\libArduinoCore.a(wiring_digital.o)

.debug_str      0x00000000     0x36ea
 *(.debug_str)
 .debug_str     0x00000000      0x3e6 C:/Program Files (x86)/Atmel/Studio/7.0/Packs/atmel/ATmega_DFP/1.2.132/gcc/dev/atmega2560/avr6/crtatmega2560.o
 .debug_str     0x000003e6      0x33c Sketch.o
                                0x387 (size before relaxing)
 .debug_str     0x00000722       0xbc E:\igs_svn_data\PROJECT_02\02_FW\05_LEDModule\04_LEDonAduino\LEDController\ArduinoCore\Debug\libArduinoCore.a(main.o)
                                0x2c4 (size before relaxing)
 .debug_str     0x000007de      0x16d E:\igs_svn_data\PROJECT_02\02_FW\05_LEDModule\04_LEDonAduino\LEDController\ArduinoCore\Debug\libArduinoCore.a(wiring.o)
                                0x25a (size before relaxing)
 .debug_str     0x0000094b      0x542 E:\igs_svn_data\PROJECT_02\02_FW\05_LEDModule\04_LEDonAduino\LEDController\ArduinoCore\Debug\libArduinoCore.a(RGBmatrixPanel.o)
                                0x887 (size before relaxing)
 .debug_str     0x00000e8d     0x10b6 E:\igs_svn_data\PROJECT_02\02_FW\05_LEDModule\04_LEDonAduino\LEDController\ArduinoCore\Debug\libArduinoCore.a(Adafruit_GFX.o)
                               0x14cc (size before relaxing)
 .debug_str     0x00001f43       0x30 E:\igs_svn_data\PROJECT_02\02_FW\05_LEDModule\04_LEDonAduino\LEDController\ArduinoCore\Debug\libArduinoCore.a(abi.o)
                                0x1ae (size before relaxing)
 .debug_str     0x00001f73     0x1339 E:\igs_svn_data\PROJECT_02\02_FW\05_LEDModule\04_LEDonAduino\LEDController\ArduinoCore\Debug\libArduinoCore.a(HardwareSerial.o)
                               0x16d4 (size before relaxing)
 .debug_str     0x000032ac       0x47 E:\igs_svn_data\PROJECT_02\02_FW\05_LEDModule\04_LEDonAduino\LEDController\ArduinoCore\Debug\libArduinoCore.a(HardwareSerial0.o)
                               0x1418 (size before relaxing)
 .debug_str     0x000032f3       0x1c E:\igs_svn_data\PROJECT_02\02_FW\05_LEDModule\04_LEDonAduino\LEDController\ArduinoCore\Debug\libArduinoCore.a(hooks.o)
                                0x14f (size before relaxing)
 .debug_str     0x0000330f      0x353 E:\igs_svn_data\PROJECT_02\02_FW\05_LEDModule\04_LEDonAduino\LEDController\ArduinoCore\Debug\libArduinoCore.a(Print.o)
                               0x1252 (size before relaxing)
 .debug_str     0x00003662       0x88 E:\igs_svn_data\PROJECT_02\02_FW\05_LEDModule\04_LEDonAduino\LEDController\ArduinoCore\Debug\libArduinoCore.a(wiring_digital.o)
                                0x2bf (size before relaxing)

.debug_loc      0x00000000     0xd5bc
 *(.debug_loc)
 .debug_loc     0x00000000       0x72 Sketch.o
 .debug_loc     0x00000072      0x28d E:\igs_svn_data\PROJECT_02\02_FW\05_LEDModule\04_LEDonAduino\LEDController\ArduinoCore\Debug\libArduinoCore.a(wiring.o)
 .debug_loc     0x000002ff     0x14fc E:\igs_svn_data\PROJECT_02\02_FW\05_LEDModule\04_LEDonAduino\LEDController\ArduinoCore\Debug\libArduinoCore.a(RGBmatrixPanel.o)
 .debug_loc     0x000017fb     0x959d E:\igs_svn_data\PROJECT_02\02_FW\05_LEDModule\04_LEDonAduino\LEDController\ArduinoCore\Debug\libArduinoCore.a(Adafruit_GFX.o)
 .debug_loc     0x0000ad98      0x482 E:\igs_svn_data\PROJECT_02\02_FW\05_LEDModule\04_LEDonAduino\LEDController\ArduinoCore\Debug\libArduinoCore.a(HardwareSerial.o)
 .debug_loc     0x0000b21a      0x1b0 E:\igs_svn_data\PROJECT_02\02_FW\05_LEDModule\04_LEDonAduino\LEDController\ArduinoCore\Debug\libArduinoCore.a(HardwareSerial0.o)
 .debug_loc     0x0000b3ca     0x1c87 E:\igs_svn_data\PROJECT_02\02_FW\05_LEDModule\04_LEDonAduino\LEDController\ArduinoCore\Debug\libArduinoCore.a(Print.o)
 .debug_loc     0x0000d051      0x56b E:\igs_svn_data\PROJECT_02\02_FW\05_LEDModule\04_LEDonAduino\LEDController\ArduinoCore\Debug\libArduinoCore.a(wiring_digital.o)

.debug_macinfo
 *(.debug_macinfo)

.debug_weaknames
 *(.debug_weaknames)

.debug_funcnames
 *(.debug_funcnames)

.debug_typenames
 *(.debug_typenames)

.debug_varnames
 *(.debug_varnames)

.debug_pubtypes
 *(.debug_pubtypes)

.debug_ranges   0x00000000      0x748
 *(.debug_ranges)
 .debug_ranges  0x00000000       0x20 Sketch.o
 .debug_ranges  0x00000020       0x20 E:\igs_svn_data\PROJECT_02\02_FW\05_LEDModule\04_LEDonAduino\LEDController\ArduinoCore\Debug\libArduinoCore.a(main.o)
 .debug_ranges  0x00000040       0x38 E:\igs_svn_data\PROJECT_02\02_FW\05_LEDModule\04_LEDonAduino\LEDController\ArduinoCore\Debug\libArduinoCore.a(wiring.o)
 .debug_ranges  0x00000078       0x88 E:\igs_svn_data\PROJECT_02\02_FW\05_LEDModule\04_LEDonAduino\LEDController\ArduinoCore\Debug\libArduinoCore.a(RGBmatrixPanel.o)
 .debug_ranges  0x00000100      0x450 E:\igs_svn_data\PROJECT_02\02_FW\05_LEDModule\04_LEDonAduino\LEDController\ArduinoCore\Debug\libArduinoCore.a(Adafruit_GFX.o)
 .debug_ranges  0x00000550       0x10 E:\igs_svn_data\PROJECT_02\02_FW\05_LEDModule\04_LEDonAduino\LEDController\ArduinoCore\Debug\libArduinoCore.a(abi.o)
 .debug_ranges  0x00000560       0x58 E:\igs_svn_data\PROJECT_02\02_FW\05_LEDModule\04_LEDonAduino\LEDController\ArduinoCore\Debug\libArduinoCore.a(HardwareSerial.o)
 .debug_ranges  0x000005b8       0x38 E:\igs_svn_data\PROJECT_02\02_FW\05_LEDModule\04_LEDonAduino\LEDController\ArduinoCore\Debug\libArduinoCore.a(HardwareSerial0.o)
 .debug_ranges  0x000005f0       0x10 E:\igs_svn_data\PROJECT_02\02_FW\05_LEDModule\04_LEDonAduino\LEDController\ArduinoCore\Debug\libArduinoCore.a(hooks.o)
 .debug_ranges  0x00000600      0x120 E:\igs_svn_data\PROJECT_02\02_FW\05_LEDModule\04_LEDonAduino\LEDController\ArduinoCore\Debug\libArduinoCore.a(Print.o)
 .debug_ranges  0x00000720       0x28 E:\igs_svn_data\PROJECT_02\02_FW\05_LEDModule\04_LEDonAduino\LEDController\ArduinoCore\Debug\libArduinoCore.a(wiring_digital.o)

.debug_macro
 *(.debug_macro)
OUTPUT(IGS_8S_16x64_LEDMODULE.elf elf32-avr)
LOAD linker stubs
